MemTotal:       16358900 kB
MemFree:        13583248 kB
MemAvailable:   14671252 kB
Buffers:          101148 kB
Cached:          1231888 kB
SwapCached:            0 kB
Active:          1728352 kB
Inactive:         662988 kB
Active(anon):    1062736 kB
Inactive(anon):    29944 kB
Active(file):     665616 kB
Inactive(file):   633044 kB
Unevictable:          32 kB
Mlocked:              32 kB
SwapTotal:       1003516 kB
SwapFree:        1003516 kB
Dirty:               168 kB
Writeback:             0 kB
AnonPages:       1058400 kB
Mapped:           271948 kB
Shmem:             34344 kB
KReclaimable:      81896 kB
Slab:             152300 kB
SReclaimable:      81896 kB
SUnreclaim:        70404 kB
KernelStack:        8880 kB
PageTables:        34332 kB
NFS_Unstable:          0 kB
Bounce:                0 kB
WritebackTmp:          0 kB
CommitLimit:     9182964 kB
Committed_AS:    4869944 kB
VmallocTotal:   34359738367 kB
VmallocUsed:           0 kB
VmallocChunk:          0 kB
Percpu:             2528 kB
HardwareCorrupted:     0 kB
AnonHugePages:         0 kB
ShmemHugePages:        0 kB
ShmemPmdMapped:        0 kB
CmaTotal:              0 kB
CmaFree:               0 kB
HugePages_Total:       0
HugePages_Free:        0
HugePages_Rsvd:        0
HugePages_Surp:        0
Hugepagesize:       2048 kB
Hugetlb:               0 kB
DirectMap4k:      274360 kB
DirectMap2M:     5953536 kB
DirectMap1G:    11534336 kB
