MemTotal:       16358900 kB
MemFree:        14180996 kB
MemAvailable:   14713456 kB
Buffers:           51740 kB
Cached:           745144 kB
SwapCached:            0 kB
Active:          1368852 kB
Inactive:         489772 kB
Active(anon):    1066460 kB
Inactive(anon):    33100 kB
Active(file):     302392 kB
Inactive(file):   456672 kB
Unevictable:          32 kB
Mlocked:              32 kB
SwapTotal:       1003516 kB
SwapFree:        1003516 kB
Dirty:               916 kB
Writeback:             0 kB
AnonPages:       1061848 kB
Mapped:           320544 kB
Shmem:             37776 kB
KReclaimable:      50000 kB
Slab:             106516 kB
SReclaimable:      50000 kB
SUnreclaim:        56516 kB
KernelStack:        9248 kB
PageTables:        35096 kB
NFS_Unstable:          0 kB
Bounce:                0 kB
WritebackTmp:          0 kB
CommitLimit:     9182964 kB
Committed_AS:    4785256 kB
VmallocTotal:   34359738367 kB
VmallocUsed:           0 kB
VmallocChunk:          0 kB
Percpu:             2432 kB
HardwareCorrupted:     0 kB
AnonHugePages:         0 kB
ShmemHugePages:        0 kB
ShmemPmdMapped:        0 kB
CmaTotal:              0 kB
CmaFree:               0 kB
HugePages_Total:       0
HugePages_Free:        0
HugePages_Rsvd:        0
HugePages_Surp:        0
Hugepagesize:       2048 kB
Hugetlb:               0 kB
DirectMap4k:      241592 kB
DirectMap2M:     4937728 kB
DirectMap1G:    12582912 kB
