MemTotal:       16358900 kB
MemFree:        13754060 kB
MemAvailable:   14752148 kB
Buffers:           69704 kB
Cached:          1173816 kB
SwapCached:            0 kB
Active:          1442356 kB
Inactive:         826820 kB
Active(anon):    1030636 kB
Inactive(anon):    25904 kB
Active(file):     411720 kB
Inactive(file):   800916 kB
Unevictable:          32 kB
Mlocked:              32 kB
SwapTotal:       1003516 kB
SwapFree:        1003516 kB
Dirty:               536 kB
Writeback:             0 kB
AnonPages:       1025688 kB
Mapped:           278532 kB
Shmem:             30884 kB
KReclaimable:      74112 kB
Slab:             124664 kB
SReclaimable:      74112 kB
SUnreclaim:        50552 kB
KernelStack:        9104 kB
PageTables:        33556 kB
NFS_Unstable:          0 kB
Bounce:                0 kB
WritebackTmp:          0 kB
CommitLimit:     9182964 kB
Committed_AS:    4609300 kB
VmallocTotal:   34359738367 kB
VmallocUsed:           0 kB
VmallocChunk:          0 kB
Percpu:             2528 kB
HardwareCorrupted:     0 kB
AnonHugePages:         0 kB
ShmemHugePages:        0 kB
ShmemPmdMapped:        0 kB
CmaTotal:              0 kB
CmaFree:               0 kB
HugePages_Total:       0
HugePages_Free:        0
HugePages_Rsvd:        0
HugePages_Surp:        0
Hugepagesize:       2048 kB
Hugetlb:               0 kB
DirectMap4k:      253880 kB
DirectMap2M:     4925440 kB
DirectMap1G:    12582912 kB
