MemTotal:       16358900 kB
MemFree:        12819700 kB
MemAvailable:   14004608 kB
Buffers:          103080 kB
Cached:          1332140 kB
SwapCached:            0 kB
Active:          2456412 kB
Inactive:         665408 kB
Active(anon):    1691296 kB
Inactive(anon):    36340 kB
Active(file):     765116 kB
Inactive(file):   629068 kB
Unevictable:          32 kB
Mlocked:              32 kB
SwapTotal:       1003516 kB
SwapFree:        1003516 kB
Dirty:                 0 kB
Writeback:             0 kB
AnonPages:       1686692 kB
Mapped:           339700 kB
Shmem:             41036 kB
KReclaimable:      84652 kB
Slab:             164132 kB
SReclaimable:      84652 kB
SUnreclaim:        79480 kB
KernelStack:        9296 kB
PageTables:        36428 kB
NFS_Unstable:          0 kB
Bounce:                0 kB
WritebackTmp:          0 kB
CommitLimit:     9182964 kB
Committed_AS:    5398916 kB
VmallocTotal:   34359738367 kB
VmallocUsed:           0 kB
VmallocChunk:          0 kB
Percpu:             2432 kB
HardwareCorrupted:     0 kB
AnonHugePages:         0 kB
ShmemHugePages:        0 kB
ShmemPmdMapped:        0 kB
CmaTotal:              0 kB
CmaFree:               0 kB
HugePages_Total:       0
HugePages_Free:        0
HugePages_Rsvd:        0
HugePages_Surp:        0
Hugepagesize:       2048 kB
Hugetlb:               0 kB
DirectMap4k:      339896 kB
DirectMap2M:     5888000 kB
DirectMap1G:    11534336 kB
