MemTotal:       16358900 kB
MemFree:        14185220 kB
MemAvailable:   15112484 kB
Buffers:           64504 kB
Cached:          1112356 kB
SwapCached:            0 kB
Active:          1240528 kB
Inactive:         606180 kB
Active(anon):     674156 kB
Inactive(anon):    26272 kB
Active(file):     566372 kB
Inactive(file):   579908 kB
Unevictable:          32 kB
Mlocked:              32 kB
SwapTotal:       1003516 kB
SwapFree:        1003516 kB
Dirty:               108 kB
Writeback:             0 kB
AnonPages:        669884 kB
Mapped:           265752 kB
Shmem:             30580 kB
KReclaimable:      65176 kB
Slab:             115100 kB
SReclaimable:      65176 kB
SUnreclaim:        49924 kB
KernelStack:        9168 kB
PageTables:        33424 kB
NFS_Unstable:          0 kB
Bounce:                0 kB
WritebackTmp:          0 kB
CommitLimit:     9182964 kB
Committed_AS:    4512920 kB
VmallocTotal:   34359738367 kB
VmallocUsed:           0 kB
VmallocChunk:          0 kB
Percpu:             2528 kB
HardwareCorrupted:     0 kB
AnonHugePages:         0 kB
ShmemHugePages:        0 kB
ShmemPmdMapped:        0 kB
CmaTotal:              0 kB
CmaFree:               0 kB
HugePages_Total:       0
HugePages_Free:        0
HugePages_Rsvd:        0
HugePages_Surp:        0
Hugepagesize:       2048 kB
Hugetlb:               0 kB
DirectMap4k:      241592 kB
DirectMap2M:     4937728 kB
DirectMap1G:    12582912 kB
