MemTotal:       16358900 kB
MemFree:        13615896 kB
MemAvailable:   14673392 kB
Buffers:           87496 kB
Cached:          1215836 kB
SwapCached:            0 kB
Active:          1714136 kB
Inactive:         646952 kB
Active(anon):    1062172 kB
Inactive(anon):    29940 kB
Active(file):     651964 kB
Inactive(file):   617012 kB
Unevictable:          32 kB
Mlocked:              32 kB
SwapTotal:       1003516 kB
SwapFree:        1003516 kB
Dirty:               540 kB
Writeback:             0 kB
AnonPages:       1057868 kB
Mapped:           264736 kB
Shmem:             34344 kB
KReclaimable:      80244 kB
Slab:             150616 kB
SReclaimable:      80244 kB
SUnreclaim:        70372 kB
KernelStack:        8960 kB
PageTables:        34432 kB
NFS_Unstable:          0 kB
Bounce:                0 kB
WritebackTmp:          0 kB
CommitLimit:     9182964 kB
Committed_AS:    4884484 kB
VmallocTotal:   34359738367 kB
VmallocUsed:           0 kB
VmallocChunk:          0 kB
Percpu:             2528 kB
HardwareCorrupted:     0 kB
AnonHugePages:         0 kB
ShmemHugePages:        0 kB
ShmemPmdMapped:        0 kB
CmaTotal:              0 kB
CmaFree:               0 kB
HugePages_Total:       0
HugePages_Free:        0
HugePages_Rsvd:        0
HugePages_Surp:        0
Hugepagesize:       2048 kB
Hugetlb:               0 kB
DirectMap4k:      274360 kB
DirectMap2M:     5953536 kB
DirectMap1G:    11534336 kB
