MemTotal:       16358900 kB
MemFree:        13456452 kB
MemAvailable:   14818892 kB
Buffers:          132456 kB
Cached:          1475800 kB
SwapCached:            0 kB
Active:          1826332 kB
Inactive:         650648 kB
Active(anon):     873372 kB
Inactive(anon):    39080 kB
Active(file):     952960 kB
Inactive(file):   611568 kB
Unevictable:          32 kB
Mlocked:              32 kB
SwapTotal:       1003516 kB
SwapFree:        1003516 kB
Dirty:                16 kB
Writeback:             0 kB
AnonPages:        868748 kB
Mapped:           307636 kB
Shmem:             43732 kB
KReclaimable:      99028 kB
Slab:             179044 kB
SReclaimable:      99028 kB
SUnreclaim:        80016 kB
KernelStack:        8928 kB
PageTables:        34032 kB
NFS_Unstable:          0 kB
Bounce:                0 kB
WritebackTmp:          0 kB
CommitLimit:     9182964 kB
Committed_AS:    4681580 kB
VmallocTotal:   34359738367 kB
VmallocUsed:           0 kB
VmallocChunk:          0 kB
Percpu:             2432 kB
HardwareCorrupted:     0 kB
AnonHugePages:         0 kB
ShmemHugePages:        0 kB
ShmemPmdMapped:        0 kB
CmaTotal:              0 kB
CmaFree:               0 kB
HugePages_Total:       0
HugePages_Free:        0
HugePages_Rsvd:        0
HugePages_Surp:        0
Hugepagesize:       2048 kB
Hugetlb:               0 kB
DirectMap4k:      346040 kB
DirectMap2M:     5881856 kB
DirectMap1G:    11534336 kB
