MemTotal:       16358900 kB
MemFree:        13455568 kB
MemAvailable:   14818796 kB
Buffers:          132712 kB
Cached:          1476308 kB
SwapCached:            0 kB
Active:          1826544 kB
Inactive:         651156 kB
Active(anon):     873352 kB
Inactive(anon):    39080 kB
Active(file):     953192 kB
Inactive(file):   612076 kB
Unevictable:          32 kB
Mlocked:              32 kB
SwapTotal:       1003516 kB
SwapFree:        1003516 kB
Dirty:                40 kB
Writeback:             0 kB
AnonPages:        868640 kB
Mapped:           308056 kB
Shmem:             43732 kB
KReclaimable:      99124 kB
Slab:             179276 kB
SReclaimable:      99124 kB
SUnreclaim:        80152 kB
KernelStack:        8944 kB
PageTables:        34168 kB
NFS_Unstable:          0 kB
Bounce:                0 kB
WritebackTmp:          0 kB
CommitLimit:     9182964 kB
Committed_AS:    4671956 kB
VmallocTotal:   34359738367 kB
VmallocUsed:           0 kB
VmallocChunk:          0 kB
Percpu:             2432 kB
HardwareCorrupted:     0 kB
AnonHugePages:         0 kB
ShmemHugePages:        0 kB
ShmemPmdMapped:        0 kB
CmaTotal:              0 kB
CmaFree:               0 kB
HugePages_Total:       0
HugePages_Free:        0
HugePages_Rsvd:        0
HugePages_Surp:        0
Hugepagesize:       2048 kB
Hugetlb:               0 kB
DirectMap4k:      346040 kB
DirectMap2M:     5881856 kB
DirectMap1G:    11534336 kB
