MemTotal:        8047000 kB
MemFree:          668996 kB
MemAvailable:    3843460 kB
Buffers:          248316 kB
Cached:          3297432 kB
SwapCached:          256 kB
Active:          4735096 kB
Inactive:        2111900 kB
Active(anon):    3085392 kB
Inactive(anon):   476244 kB
Active(file):    1649704 kB
Inactive(file):  1635656 kB
Unevictable:        8760 kB
Mlocked:              16 kB
SwapTotal:       1003516 kB
SwapFree:         998908 kB
Dirty:              1724 kB
Writeback:             0 kB
AnonPages:       3309944 kB
Mapped:           846780 kB
Shmem:            260396 kB
KReclaimable:     198972 kB
Slab:             365376 kB
SReclaimable:     198972 kB
SUnreclaim:       166404 kB
KernelStack:       18368 kB
PageTables:        39368 kB
NFS_Unstable:          0 kB
Bounce:                0 kB
WritebackTmp:          0 kB
CommitLimit:     5027016 kB
Committed_AS:   10729556 kB
VmallocTotal:   34359738367 kB
VmallocUsed:           0 kB
VmallocChunk:          0 kB
Percpu:             4896 kB
HardwareCorrupted:     0 kB
AnonHugePages:         0 kB
ShmemHugePages:        0 kB
ShmemPmdMapped:        0 kB
CmaTotal:              0 kB
CmaFree:               0 kB
HugePages_Total:       0
HugePages_Free:        0
HugePages_Rsvd:        0
HugePages_Surp:        0
Hugepagesize:       2048 kB
Hugetlb:               0 kB
DirectMap4k:      320732 kB
DirectMap2M:     6901760 kB
DirectMap1G:     1048576 kB
