MemTotal:        8047000 kB
MemFree:          818180 kB
MemAvailable:    3280816 kB
Buffers:          236256 kB
Cached:          2795756 kB
SwapCached:          240 kB
Active:          4690840 kB
Inactive:        2036044 kB
Active(anon):    3480736 kB
Inactive(anon):   644892 kB
Active(file):    1210104 kB
Inactive(file):  1391152 kB
Unevictable:        8792 kB
Mlocked:              48 kB
SwapTotal:       1003516 kB
SwapFree:         998908 kB
Dirty:              1016 kB
Writeback:             0 kB
AnonPages:       3703620 kB
Mapped:          1169900 kB
Shmem:            430836 kB
KReclaimable:     171248 kB
Slab:             331156 kB
SReclaimable:     171248 kB
SUnreclaim:       159908 kB
KernelStack:       18432 kB
PageTables:        44176 kB
NFS_Unstable:          0 kB
Bounce:                0 kB
WritebackTmp:          0 kB
CommitLimit:     5027016 kB
Committed_AS:   11290564 kB
VmallocTotal:   34359738367 kB
VmallocUsed:           0 kB
VmallocChunk:          0 kB
Percpu:             4896 kB
HardwareCorrupted:     0 kB
AnonHugePages:         0 kB
ShmemHugePages:        0 kB
ShmemPmdMapped:        0 kB
CmaTotal:              0 kB
CmaFree:               0 kB
HugePages_Total:       0
HugePages_Free:        0
HugePages_Rsvd:        0
HugePages_Surp:        0
Hugepagesize:       2048 kB
Hugetlb:               0 kB
DirectMap4k:      306396 kB
DirectMap2M:     6916096 kB
DirectMap1G:     1048576 kB
