MemTotal:        8047000 kB
MemFree:         1107868 kB
MemAvailable:    4394552 kB
Buffers:          329956 kB
Cached:          3241716 kB
SwapCached:          568 kB
Active:          4293048 kB
Inactive:        2077684 kB
Active(anon):    2583484 kB
Inactive(anon):   449540 kB
Active(file):    1709564 kB
Inactive(file):  1628144 kB
Unevictable:        8780 kB
Mlocked:              36 kB
SwapTotal:       1003516 kB
SwapFree:        1000064 kB
Dirty:                80 kB
Writeback:             0 kB
AnonPages:       2807252 kB
Mapped:           915808 kB
Shmem:            235220 kB
KReclaimable:     258844 kB
Slab:             408388 kB
SReclaimable:     258844 kB
SUnreclaim:       149544 kB
KernelStack:       15872 kB
PageTables:        35728 kB
NFS_Unstable:          0 kB
Bounce:                0 kB
WritebackTmp:          0 kB
CommitLimit:     5027016 kB
Committed_AS:    9945092 kB
VmallocTotal:   34359738367 kB
VmallocUsed:           0 kB
VmallocChunk:          0 kB
Percpu:             4896 kB
HardwareCorrupted:     0 kB
AnonHugePages:         0 kB
ShmemHugePages:        0 kB
ShmemPmdMapped:        0 kB
CmaTotal:              0 kB
CmaFree:               0 kB
HugePages_Total:       0
HugePages_Free:        0
HugePages_Rsvd:        0
HugePages_Surp:        0
Hugepagesize:       2048 kB
Hugetlb:               0 kB
DirectMap4k:      328924 kB
DirectMap2M:     6893568 kB
DirectMap1G:     1048576 kB
