MemTotal:        8047000 kB
MemFree:         1092276 kB
MemAvailable:    4383120 kB
Buffers:          333244 kB
Cached:          3243120 kB
SwapCached:          568 kB
Active:          4311932 kB
Inactive:        2077684 kB
Active(anon):    2598236 kB
Inactive(anon):   449760 kB
Active(file):    1713696 kB
Inactive(file):  1627924 kB
Unevictable:        8780 kB
Mlocked:              36 kB
SwapTotal:       1003516 kB
SwapFree:        1000064 kB
Dirty:               300 kB
Writeback:             0 kB
AnonPages:       2821836 kB
Mapped:           910296 kB
Shmem:            235448 kB
KReclaimable:     259092 kB
Slab:             407440 kB
SReclaimable:     259092 kB
SUnreclaim:       148348 kB
KernelStack:       15696 kB
PageTables:        35452 kB
NFS_Unstable:          0 kB
Bounce:                0 kB
WritebackTmp:          0 kB
CommitLimit:     5027016 kB
Committed_AS:    9869412 kB
VmallocTotal:   34359738367 kB
VmallocUsed:           0 kB
VmallocChunk:          0 kB
Percpu:             4896 kB
HardwareCorrupted:     0 kB
AnonHugePages:         0 kB
ShmemHugePages:        0 kB
ShmemPmdMapped:        0 kB
CmaTotal:              0 kB
CmaFree:               0 kB
HugePages_Total:       0
HugePages_Free:        0
HugePages_Rsvd:        0
HugePages_Surp:        0
Hugepagesize:       2048 kB
Hugetlb:               0 kB
DirectMap4k:      328924 kB
DirectMap2M:     6893568 kB
DirectMap1G:     1048576 kB
