MemTotal:        8047000 kB
MemFree:         5475052 kB
MemAvailable:    6795444 kB
Buffers:           95076 kB
Cached:          1556324 kB
SwapCached:            0 kB
Active:          1347284 kB
Inactive:         681024 kB
Active(anon):     537128 kB
Inactive(anon):    12624 kB
Active(file):     810156 kB
Inactive(file):   668400 kB
Unevictable:      155512 kB
Mlocked:              16 kB
SwapTotal:       1003516 kB
SwapFree:        1003516 kB
Dirty:               148 kB
Writeback:             0 kB
AnonPages:        532500 kB
Mapped:           240768 kB
Shmem:            172836 kB
KReclaimable:     134460 kB
Slab:             282612 kB
SReclaimable:     134460 kB
SUnreclaim:       148152 kB
KernelStack:        8588 kB
PageTables:        13924 kB
NFS_Unstable:          0 kB
Bounce:                0 kB
WritebackTmp:          0 kB
CommitLimit:     5027016 kB
Committed_AS:    3991652 kB
VmallocTotal:   34359738367 kB
VmallocUsed:           0 kB
VmallocChunk:          0 kB
Percpu:             5568 kB
HardwareCorrupted:     0 kB
AnonHugePages:         0 kB
ShmemHugePages:        0 kB
ShmemPmdMapped:        0 kB
CmaTotal:              0 kB
CmaFree:               0 kB
HugePages_Total:       0
HugePages_Free:        0
HugePages_Rsvd:        0
HugePages_Surp:        0
Hugepagesize:       2048 kB
Hugetlb:               0 kB
DirectMap4k:      232668 kB
DirectMap2M:     4892672 kB
DirectMap1G:     3145728 kB
