MemTotal:        8047000 kB
MemFree:         5473540 kB
MemAvailable:    6795144 kB
Buffers:           95600 kB
Cached:          1556912 kB
SwapCached:            0 kB
Active:          1348144 kB
Inactive:         681628 kB
Active(anon):     537444 kB
Inactive(anon):    12624 kB
Active(file):     810700 kB
Inactive(file):   669004 kB
Unevictable:      155532 kB
Mlocked:              16 kB
SwapTotal:       1003516 kB
SwapFree:        1003516 kB
Dirty:                28 kB
Writeback:             0 kB
AnonPages:        532816 kB
Mapped:           240896 kB
Shmem:            172804 kB
KReclaimable:     134588 kB
Slab:             283032 kB
SReclaimable:     134588 kB
SUnreclaim:       148444 kB
KernelStack:        8588 kB
PageTables:        13968 kB
NFS_Unstable:          0 kB
Bounce:                0 kB
WritebackTmp:          0 kB
CommitLimit:     5027016 kB
Committed_AS:    4004860 kB
VmallocTotal:   34359738367 kB
VmallocUsed:           0 kB
VmallocChunk:          0 kB
Percpu:             5568 kB
HardwareCorrupted:     0 kB
AnonHugePages:         0 kB
ShmemHugePages:        0 kB
ShmemPmdMapped:        0 kB
CmaTotal:              0 kB
CmaFree:               0 kB
HugePages_Total:       0
HugePages_Free:        0
HugePages_Rsvd:        0
HugePages_Surp:        0
Hugepagesize:       2048 kB
Hugetlb:               0 kB
DirectMap4k:      232668 kB
DirectMap2M:     4892672 kB
DirectMap1G:     3145728 kB
