MemTotal:        8047000 kB
MemFree:         2381340 kB
MemAvailable:    4556716 kB
Buffers:          193872 kB
Cached:          2428028 kB
SwapCached:            0 kB
Active:          3579976 kB
Inactive:        1621080 kB
Active(anon):    2594020 kB
Inactive(anon):   289764 kB
Active(file):     985956 kB
Inactive(file):  1331316 kB
Unevictable:        8760 kB
Mlocked:              16 kB
SwapTotal:       1003516 kB
SwapFree:        1003516 kB
Dirty:               564 kB
Writeback:             0 kB
AnonPages:       2588024 kB
Mapped:           850944 kB
Shmem:            304636 kB
KReclaimable:     167000 kB
Slab:             319664 kB
SReclaimable:     167000 kB
SUnreclaim:       152664 kB
KernelStack:       14928 kB
PageTables:        32108 kB
NFS_Unstable:          0 kB
Bounce:                0 kB
WritebackTmp:          0 kB
CommitLimit:     5027016 kB
Committed_AS:    8086000 kB
VmallocTotal:   34359738367 kB
VmallocUsed:           0 kB
VmallocChunk:          0 kB
Percpu:             4800 kB
HardwareCorrupted:     0 kB
AnonHugePages:         0 kB
ShmemHugePages:        0 kB
ShmemPmdMapped:        0 kB
CmaTotal:              0 kB
CmaFree:               0 kB
HugePages_Total:       0
HugePages_Free:        0
HugePages_Rsvd:        0
HugePages_Surp:        0
Hugepagesize:       2048 kB
Hugetlb:               0 kB
DirectMap4k:      273628 kB
DirectMap2M:     5900288 kB
DirectMap1G:     2097152 kB
