MemTotal:        8046996 kB
MemFree:          903504 kB
MemAvailable:    2536680 kB
Buffers:          718956 kB
Cached:          2453132 kB
SwapCached:        12152 kB
Active:          3643936 kB
Inactive:        2118556 kB
Active(anon):    3230996 kB
Inactive(anon):   724524 kB
Active(file):     412940 kB
Inactive(file):  1394032 kB
Unevictable:      956272 kB
Mlocked:              36 kB
SwapTotal:       1003516 kB
SwapFree:         646140 kB
Dirty:                92 kB
Writeback:             0 kB
AnonPages:       3537128 kB
Mapped:          1000436 kB
Shmem:           1365116 kB
KReclaimable:     103196 kB
Slab:             277668 kB
SReclaimable:     103196 kB
SUnreclaim:       174472 kB
KernelStack:       12832 kB
PageTables:        37848 kB
NFS_Unstable:          0 kB
Bounce:                0 kB
WritebackTmp:          0 kB
CommitLimit:     5027012 kB
Committed_AS:   11127300 kB
VmallocTotal:   34359738367 kB
VmallocUsed:           0 kB
VmallocChunk:          0 kB
Percpu:             4544 kB
HardwareCorrupted:     0 kB
AnonHugePages:         0 kB
ShmemHugePages:        0 kB
ShmemPmdMapped:        0 kB
CmaTotal:              0 kB
CmaFree:               0 kB
HugePages_Total:       0
HugePages_Free:        0
HugePages_Rsvd:        0
HugePages_Surp:        0
Hugepagesize:       2048 kB
Hugetlb:               0 kB
DirectMap4k:      273628 kB
DirectMap2M:     7997440 kB
DirectMap1G:           0 kB
