MemTotal:        8046996 kB
MemFree:          134668 kB
MemAvailable:    5656796 kB
Buffers:         2923548 kB
Cached:          3172452 kB
SwapCached:        10216 kB
Active:          1590704 kB
Inactive:        5843340 kB
Active(anon):    1192192 kB
Inactive(anon):   578676 kB
Active(file):     398512 kB
Inactive(file):  5264664 kB
Unevictable:       19288 kB
Mlocked:              36 kB
SwapTotal:       1003516 kB
SwapFree:         691452 kB
Dirty:            548752 kB
Writeback:          1388 kB
AnonPages:       1349924 kB
Mapped:           448776 kB
Shmem:            432780 kB
KReclaimable:     172792 kB
Slab:             330176 kB
SReclaimable:     172792 kB
SUnreclaim:       157384 kB
KernelStack:       12156 kB
PageTables:        27812 kB
NFS_Unstable:          0 kB
Bounce:                0 kB
WritebackTmp:          0 kB
CommitLimit:     5027012 kB
Committed_AS:    7094808 kB
VmallocTotal:   34359738367 kB
VmallocUsed:           0 kB
VmallocChunk:          0 kB
Percpu:             4544 kB
HardwareCorrupted:     0 kB
AnonHugePages:         0 kB
ShmemHugePages:        0 kB
ShmemPmdMapped:        0 kB
CmaTotal:              0 kB
CmaFree:               0 kB
HugePages_Total:       0
HugePages_Free:        0
HugePages_Rsvd:        0
HugePages_Surp:        0
Hugepagesize:       2048 kB
Hugetlb:               0 kB
DirectMap4k:      273628 kB
DirectMap2M:     7997440 kB
DirectMap1G:           0 kB
