MemTotal:        8046996 kB
MemFree:         1121280 kB
MemAvailable:    2588180 kB
Buffers:          663176 kB
Cached:          2341264 kB
SwapCached:        11460 kB
Active:          3558112 kB
Inactive:        2000988 kB
Active(anon):    3207632 kB
Inactive(anon):   701288 kB
Active(file):     350480 kB
Inactive(file):  1299700 kB
Unevictable:      944432 kB
Mlocked:              36 kB
SwapTotal:       1003516 kB
SwapFree:         645372 kB
Dirty:               284 kB
Writeback:             0 kB
AnonPages:       3490052 kB
Mapped:           957788 kB
Shmem:           1353920 kB
KReclaimable:     100612 kB
Slab:             273448 kB
SReclaimable:     100612 kB
SUnreclaim:       172836 kB
KernelStack:       12832 kB
PageTables:        37692 kB
NFS_Unstable:          0 kB
Bounce:                0 kB
WritebackTmp:          0 kB
CommitLimit:     5027012 kB
Committed_AS:   11044292 kB
VmallocTotal:   34359738367 kB
VmallocUsed:           0 kB
VmallocChunk:          0 kB
Percpu:             4544 kB
HardwareCorrupted:     0 kB
AnonHugePages:         0 kB
ShmemHugePages:        0 kB
ShmemPmdMapped:        0 kB
CmaTotal:              0 kB
CmaFree:               0 kB
HugePages_Total:       0
HugePages_Free:        0
HugePages_Rsvd:        0
HugePages_Surp:        0
Hugepagesize:       2048 kB
Hugetlb:               0 kB
DirectMap4k:      273628 kB
DirectMap2M:     7997440 kB
DirectMap1G:           0 kB
