MemTotal:        8046996 kB
MemFree:          445332 kB
MemAvailable:    4440824 kB
Buffers:         1848156 kB
Cached:          2903616 kB
SwapCached:        42496 kB
Active:          2697660 kB
Inactive:        4291396 kB
Active(anon):    2032176 kB
Inactive(anon):   683580 kB
Active(file):     665484 kB
Inactive(file):  3607816 kB
Unevictable:      113456 kB
Mlocked:              36 kB
SwapTotal:       1003516 kB
SwapFree:         674556 kB
Dirty:              2532 kB
Writeback:             0 kB
AnonPages:       2337092 kB
Mapped:           617776 kB
Shmem:            478636 kB
KReclaimable:     198680 kB
Slab:             357476 kB
SReclaimable:     198680 kB
SUnreclaim:       158796 kB
KernelStack:       15824 kB
PageTables:        32396 kB
NFS_Unstable:          0 kB
Bounce:                0 kB
WritebackTmp:          0 kB
CommitLimit:     5027012 kB
Committed_AS:    8712196 kB
VmallocTotal:   34359738367 kB
VmallocUsed:           0 kB
VmallocChunk:          0 kB
Percpu:             4544 kB
HardwareCorrupted:     0 kB
AnonHugePages:         0 kB
ShmemHugePages:        0 kB
ShmemPmdMapped:        0 kB
CmaTotal:              0 kB
CmaFree:               0 kB
HugePages_Total:       0
HugePages_Free:        0
HugePages_Rsvd:        0
HugePages_Surp:        0
Hugepagesize:       2048 kB
Hugetlb:               0 kB
DirectMap4k:      425180 kB
DirectMap2M:     7845888 kB
DirectMap1G:           0 kB
