MemTotal:        8047000 kB
MemFree:         5552968 kB
MemAvailable:    6382340 kB
Buffers:          103072 kB
Cached:          1436864 kB
SwapCached:            0 kB
Active:          1171356 kB
Inactive:         761276 kB
Active(anon):     615992 kB
Inactive(anon):   310468 kB
Active(file):     555364 kB
Inactive(file):   450808 kB
Unevictable:      218464 kB
Mlocked:              16 kB
SwapTotal:       1003516 kB
SwapFree:        1003516 kB
Dirty:                 0 kB
Writeback:             0 kB
AnonPages:        611272 kB
Mapped:           554516 kB
Shmem:            533744 kB
KReclaimable:      97192 kB
Slab:             237204 kB
SReclaimable:      97192 kB
SUnreclaim:       140012 kB
KernelStack:        8640 kB
PageTables:        15716 kB
NFS_Unstable:          0 kB
Bounce:                0 kB
WritebackTmp:          0 kB
CommitLimit:     5027016 kB
Committed_AS:    6244588 kB
VmallocTotal:   34359738367 kB
VmallocUsed:           0 kB
VmallocChunk:          0 kB
Percpu:             4576 kB
HardwareCorrupted:     0 kB
AnonHugePages:         0 kB
ShmemHugePages:        0 kB
ShmemPmdMapped:        0 kB
CmaTotal:              0 kB
CmaFree:               0 kB
HugePages_Total:       0
HugePages_Free:        0
HugePages_Rsvd:        0
HugePages_Surp:        0
Hugepagesize:       2048 kB
Hugetlb:               0 kB
DirectMap4k:      242908 kB
DirectMap2M:     4882432 kB
DirectMap1G:     3145728 kB
