MemTotal:       16358900 kB
MemFree:        10658512 kB
MemAvailable:   13226808 kB
Buffers:          202624 kB
Cached:          2675784 kB
SwapCached:            0 kB
Active:          3210120 kB
Inactive:        1900260 kB
Active(anon):    1936828 kB
Inactive(anon):   480160 kB
Active(file):    1273292 kB
Inactive(file):  1420100 kB
Unevictable:          60 kB
Mlocked:              60 kB
SwapTotal:       1003516 kB
SwapFree:        1003516 kB
Dirty:               952 kB
Writeback:             0 kB
AnonPages:       2232096 kB
Mapped:           845688 kB
Shmem:            185700 kB
KReclaimable:     210976 kB
Slab:             304676 kB
SReclaimable:     210976 kB
SUnreclaim:        93700 kB
KernelStack:       15200 kB
PageTables:        54096 kB
NFS_Unstable:          0 kB
Bounce:                0 kB
WritebackTmp:          0 kB
CommitLimit:     9182964 kB
Committed_AS:    8374388 kB
VmallocTotal:   34359738367 kB
VmallocUsed:           0 kB
VmallocChunk:          0 kB
Percpu:             2528 kB
HardwareCorrupted:     0 kB
AnonHugePages:         0 kB
ShmemHugePages:        0 kB
ShmemPmdMapped:        0 kB
CmaTotal:              0 kB
CmaFree:               0 kB
HugePages_Total:       0
HugePages_Free:        0
HugePages_Rsvd:        0
HugePages_Surp:        0
Hugepagesize:       2048 kB
Hugetlb:               0 kB
DirectMap4k:      552888 kB
DirectMap2M:     9869312 kB
DirectMap1G:     7340032 kB
