MemTotal:       16358900 kB
MemFree:        10636480 kB
MemAvailable:   13209772 kB
Buffers:          205012 kB
Cached:          2678668 kB
SwapCached:            0 kB
Active:          3229436 kB
Inactive:        1902380 kB
Active(anon):    1953616 kB
Inactive(anon):   479884 kB
Active(file):    1275820 kB
Inactive(file):  1422496 kB
Unevictable:          60 kB
Mlocked:              60 kB
SwapTotal:       1003516 kB
SwapFree:        1003516 kB
Dirty:               436 kB
Writeback:             0 kB
AnonPages:       2248260 kB
Mapped:           846232 kB
Shmem:            185700 kB
KReclaimable:     211048 kB
Slab:             304740 kB
SReclaimable:     211048 kB
SUnreclaim:        93692 kB
KernelStack:       15120 kB
PageTables:        54524 kB
NFS_Unstable:          0 kB
Bounce:                0 kB
WritebackTmp:          0 kB
CommitLimit:     9182964 kB
Committed_AS:    8389028 kB
VmallocTotal:   34359738367 kB
VmallocUsed:           0 kB
VmallocChunk:          0 kB
Percpu:             2528 kB
HardwareCorrupted:     0 kB
AnonHugePages:         0 kB
ShmemHugePages:        0 kB
ShmemPmdMapped:        0 kB
CmaTotal:              0 kB
CmaFree:               0 kB
HugePages_Total:       0
HugePages_Free:        0
HugePages_Rsvd:        0
HugePages_Surp:        0
Hugepagesize:       2048 kB
Hugetlb:               0 kB
DirectMap4k:      552888 kB
DirectMap2M:     9869312 kB
DirectMap1G:     7340032 kB
