MemTotal:       16358900 kB
MemFree:        13780968 kB
MemAvailable:   14392556 kB
Buffers:           65476 kB
Cached:           808076 kB
SwapCached:            0 kB
Active:          1647816 kB
Inactive:         560756 kB
Active(anon):    1339700 kB
Inactive(anon):    32776 kB
Active(file):     308116 kB
Inactive(file):   527980 kB
Unevictable:          32 kB
Mlocked:              32 kB
SwapTotal:       1003516 kB
SwapFree:        1003516 kB
Dirty:               224 kB
Writeback:             0 kB
AnonPages:       1335152 kB
Mapped:           334828 kB
Shmem:             37452 kB
KReclaimable:      54188 kB
Slab:             122560 kB
SReclaimable:      54188 kB
SUnreclaim:        68372 kB
KernelStack:        9392 kB
PageTables:        35964 kB
NFS_Unstable:          0 kB
Bounce:                0 kB
WritebackTmp:          0 kB
CommitLimit:     9182964 kB
Committed_AS:    5107276 kB
VmallocTotal:   34359738367 kB
VmallocUsed:           0 kB
VmallocChunk:          0 kB
Percpu:             2432 kB
HardwareCorrupted:     0 kB
AnonHugePages:         0 kB
ShmemHugePages:        0 kB
ShmemPmdMapped:        0 kB
CmaTotal:              0 kB
CmaFree:               0 kB
HugePages_Total:       0
HugePages_Free:        0
HugePages_Rsvd:        0
HugePages_Surp:        0
Hugepagesize:       2048 kB
Hugetlb:               0 kB
DirectMap4k:      300984 kB
DirectMap2M:     5926912 kB
DirectMap1G:    11534336 kB
