MemTotal:       16358900 kB
MemFree:        13165508 kB
MemAvailable:   14101052 kB
Buffers:           97464 kB
Cached:          1094184 kB
SwapCached:            0 kB
Active:          2126500 kB
Inactive:         659532 kB
Active(anon):    1599076 kB
Inactive(anon):    36264 kB
Active(file):     527424 kB
Inactive(file):   623268 kB
Unevictable:          32 kB
Mlocked:              32 kB
SwapTotal:       1003516 kB
SwapFree:        1003516 kB
Dirty:                 0 kB
Writeback:             0 kB
AnonPages:       1594412 kB
Mapped:           340276 kB
Shmem:             40960 kB
KReclaimable:      72908 kB
Slab:             152744 kB
SReclaimable:      72908 kB
SUnreclaim:        79836 kB
KernelStack:        9456 kB
PageTables:        37216 kB
NFS_Unstable:          0 kB
Bounce:                0 kB
WritebackTmp:          0 kB
CommitLimit:     9182964 kB
Committed_AS:    5375440 kB
VmallocTotal:   34359738367 kB
VmallocUsed:           0 kB
VmallocChunk:          0 kB
Percpu:             2432 kB
HardwareCorrupted:     0 kB
AnonHugePages:         0 kB
ShmemHugePages:        0 kB
ShmemPmdMapped:        0 kB
CmaTotal:              0 kB
CmaFree:               0 kB
HugePages_Total:       0
HugePages_Free:        0
HugePages_Rsvd:        0
HugePages_Surp:        0
Hugepagesize:       2048 kB
Hugetlb:               0 kB
DirectMap4k:      337848 kB
DirectMap2M:     5890048 kB
DirectMap1G:    11534336 kB
