MemTotal:       16358900 kB
MemFree:        13754064 kB
MemAvailable:   14767236 kB
Buffers:           76464 kB
Cached:          1181528 kB
SwapCached:            0 kB
Active:          1427324 kB
Inactive:         839012 kB
Active(anon):    1013364 kB
Inactive(anon):    25904 kB
Active(file):     413960 kB
Inactive(file):   813108 kB
Unevictable:          32 kB
Mlocked:              32 kB
SwapTotal:       1003516 kB
SwapFree:        1003516 kB
Dirty:                 0 kB
Writeback:             0 kB
AnonPages:       1008416 kB
Mapped:           279488 kB
Shmem:             30884 kB
KReclaimable:      75412 kB
Slab:             126664 kB
SReclaimable:      75412 kB
SUnreclaim:        51252 kB
KernelStack:        9104 kB
PageTables:        33576 kB
NFS_Unstable:          0 kB
Bounce:                0 kB
WritebackTmp:          0 kB
CommitLimit:     9182964 kB
Committed_AS:    4688992 kB
VmallocTotal:   34359738367 kB
VmallocUsed:           0 kB
VmallocChunk:          0 kB
Percpu:             2528 kB
HardwareCorrupted:     0 kB
AnonHugePages:         0 kB
ShmemHugePages:        0 kB
ShmemPmdMapped:        0 kB
CmaTotal:              0 kB
CmaFree:               0 kB
HugePages_Total:       0
HugePages_Free:        0
HugePages_Rsvd:        0
HugePages_Surp:        0
Hugepagesize:       2048 kB
Hugetlb:               0 kB
DirectMap4k:      253880 kB
DirectMap2M:     4925440 kB
DirectMap1G:    12582912 kB
