MemTotal:       16358900 kB
MemFree:        14183276 kB
MemAvailable:   15111796 kB
Buffers:           65184 kB
Cached:          1112908 kB
SwapCached:            0 kB
Active:          1241428 kB
Inactive:         606688 kB
Active(anon):     674328 kB
Inactive(anon):    26272 kB
Active(file):     567100 kB
Inactive(file):   580416 kB
Unevictable:          32 kB
Mlocked:              32 kB
SwapTotal:       1003516 kB
SwapFree:        1003516 kB
Dirty:                96 kB
Writeback:             0 kB
AnonPages:        670060 kB
Mapped:           265780 kB
Shmem:             30580 kB
KReclaimable:      65216 kB
Slab:             115144 kB
SReclaimable:      65216 kB
SUnreclaim:        49928 kB
KernelStack:        9136 kB
PageTables:        33428 kB
NFS_Unstable:          0 kB
Bounce:                0 kB
WritebackTmp:          0 kB
CommitLimit:     9182964 kB
Committed_AS:    4512772 kB
VmallocTotal:   34359738367 kB
VmallocUsed:           0 kB
VmallocChunk:          0 kB
Percpu:             2528 kB
HardwareCorrupted:     0 kB
AnonHugePages:         0 kB
ShmemHugePages:        0 kB
ShmemPmdMapped:        0 kB
CmaTotal:              0 kB
CmaFree:               0 kB
HugePages_Total:       0
HugePages_Free:        0
HugePages_Rsvd:        0
HugePages_Surp:        0
Hugepagesize:       2048 kB
Hugetlb:               0 kB
DirectMap4k:      241592 kB
DirectMap2M:     4937728 kB
DirectMap1G:    12582912 kB
