MemTotal:       16358900 kB
MemFree:        14184040 kB
MemAvailable:   15112124 kB
Buffers:           65056 kB
Cached:          1112608 kB
SwapCached:            0 kB
Active:          1241156 kB
Inactive:         606392 kB
Active(anon):     674188 kB
Inactive(anon):    26272 kB
Active(file):     566968 kB
Inactive(file):   580120 kB
Unevictable:          32 kB
Mlocked:              32 kB
SwapTotal:       1003516 kB
SwapFree:        1003516 kB
Dirty:                64 kB
Writeback:             0 kB
AnonPages:        669912 kB
Mapped:           265776 kB
Shmem:             30580 kB
KReclaimable:      65200 kB
Slab:             115080 kB
SReclaimable:      65200 kB
SUnreclaim:        49880 kB
KernelStack:        9152 kB
PageTables:        33424 kB
NFS_Unstable:          0 kB
Bounce:                0 kB
WritebackTmp:          0 kB
CommitLimit:     9182964 kB
Committed_AS:    4504696 kB
VmallocTotal:   34359738367 kB
VmallocUsed:           0 kB
VmallocChunk:          0 kB
Percpu:             2528 kB
HardwareCorrupted:     0 kB
AnonHugePages:         0 kB
ShmemHugePages:        0 kB
ShmemPmdMapped:        0 kB
CmaTotal:              0 kB
CmaFree:               0 kB
HugePages_Total:       0
HugePages_Free:        0
HugePages_Rsvd:        0
HugePages_Surp:        0
Hugepagesize:       2048 kB
Hugetlb:               0 kB
DirectMap4k:      241592 kB
DirectMap2M:     4937728 kB
DirectMap1G:    12582912 kB
