MemTotal:       16358900 kB
MemFree:        13350056 kB
MemAvailable:   14414924 kB
Buffers:           82396 kB
Cached:          1228436 kB
SwapCached:            0 kB
Active:          1940308 kB
Inactive:         689832 kB
Active(anon):    1323708 kB
Inactive(anon):    29904 kB
Active(file):     616600 kB
Inactive(file):   659928 kB
Unevictable:          32 kB
Mlocked:              32 kB
SwapTotal:       1003516 kB
SwapFree:        1003516 kB
Dirty:               260 kB
Writeback:             0 kB
AnonPages:       1319340 kB
Mapped:           293044 kB
Shmem:             34308 kB
KReclaimable:      79884 kB
Slab:             148136 kB
SReclaimable:      79884 kB
SUnreclaim:        68252 kB
KernelStack:        9216 kB
PageTables:        35264 kB
NFS_Unstable:          0 kB
Bounce:                0 kB
WritebackTmp:          0 kB
CommitLimit:     9182964 kB
Committed_AS:    5049108 kB
VmallocTotal:   34359738367 kB
VmallocUsed:           0 kB
VmallocChunk:          0 kB
Percpu:             2528 kB
HardwareCorrupted:     0 kB
AnonHugePages:         0 kB
ShmemHugePages:        0 kB
ShmemPmdMapped:        0 kB
CmaTotal:              0 kB
CmaFree:               0 kB
HugePages_Total:       0
HugePages_Free:        0
HugePages_Rsvd:        0
HugePages_Surp:        0
Hugepagesize:       2048 kB
Hugetlb:               0 kB
DirectMap4k:      272312 kB
DirectMap2M:     5955584 kB
DirectMap1G:    11534336 kB
