MemTotal:       16358900 kB
MemFree:        13423424 kB
MemAvailable:   14816916 kB
Buffers:          122920 kB
Cached:          1516800 kB
SwapCached:            0 kB
Active:          1814680 kB
Inactive:         695600 kB
Active(anon):     875272 kB
Inactive(anon):    39072 kB
Active(file):     939408 kB
Inactive(file):   656528 kB
Unevictable:          32 kB
Mlocked:              32 kB
SwapTotal:       1003516 kB
SwapFree:        1003516 kB
Dirty:                20 kB
Writeback:             0 kB
AnonPages:        870612 kB
Mapped:           307424 kB
Shmem:             43780 kB
KReclaimable:      98316 kB
Slab:             178208 kB
SReclaimable:      98316 kB
SUnreclaim:        79892 kB
KernelStack:        8992 kB
PageTables:        34376 kB
NFS_Unstable:          0 kB
Bounce:                0 kB
WritebackTmp:          0 kB
CommitLimit:     9182964 kB
Committed_AS:    4675464 kB
VmallocTotal:   34359738367 kB
VmallocUsed:           0 kB
VmallocChunk:          0 kB
Percpu:             2432 kB
HardwareCorrupted:     0 kB
AnonHugePages:         0 kB
ShmemHugePages:        0 kB
ShmemPmdMapped:        0 kB
CmaTotal:              0 kB
CmaFree:               0 kB
HugePages_Total:       0
HugePages_Free:        0
HugePages_Rsvd:        0
HugePages_Surp:        0
Hugepagesize:       2048 kB
Hugetlb:               0 kB
DirectMap4k:      346040 kB
DirectMap2M:     5881856 kB
DirectMap1G:    11534336 kB
