MemTotal:       16358900 kB
MemFree:        13043576 kB
MemAvailable:   13763128 kB
Buffers:          116472 kB
Cached:           970956 kB
SwapCached:            0 kB
Active:          2086152 kB
Inactive:         736836 kB
Active(anon):    1437096 kB
Inactive(anon):   482492 kB
Active(file):     649056 kB
Inactive(file):   254344 kB
Unevictable:          32 kB
Mlocked:              32 kB
SwapTotal:       1003516 kB
SwapFree:        1003516 kB
Dirty:              2848 kB
Writeback:             0 kB
AnonPages:       1735716 kB
Mapped:           767056 kB
Shmem:            184028 kB
KReclaimable:     135512 kB
Slab:             218284 kB
SReclaimable:     135512 kB
SUnreclaim:        82772 kB
KernelStack:       15040 kB
PageTables:        49004 kB
NFS_Unstable:          0 kB
Bounce:                0 kB
WritebackTmp:          0 kB
CommitLimit:     9182964 kB
Committed_AS:    7259500 kB
VmallocTotal:   34359738367 kB
VmallocUsed:           0 kB
VmallocChunk:          0 kB
Percpu:             2432 kB
HardwareCorrupted:     0 kB
AnonHugePages:         0 kB
ShmemHugePages:        0 kB
ShmemPmdMapped:        0 kB
CmaTotal:              0 kB
CmaFree:               0 kB
HugePages_Total:       0
HugePages_Free:        0
HugePages_Rsvd:        0
HugePages_Surp:        0
Hugepagesize:       2048 kB
Hugetlb:               0 kB
DirectMap4k:      513976 kB
DirectMap2M:     7811072 kB
DirectMap1G:     9437184 kB
