MemTotal:       16358900 kB
MemFree:        11426248 kB
MemAvailable:   13266228 kB
Buffers:          142516 kB
Cached:          2056520 kB
SwapCached:            0 kB
Active:          3046076 kB
Inactive:        1364212 kB
Active(anon):    1912748 kB
Inactive(anon):   480356 kB
Active(file):    1133328 kB
Inactive(file):   883856 kB
Unevictable:          60 kB
Mlocked:              60 kB
SwapTotal:       1003516 kB
SwapFree:        1003516 kB
Dirty:                16 kB
Writeback:             0 kB
AnonPages:       2211340 kB
Mapped:           852912 kB
Shmem:            182540 kB
KReclaimable:     148800 kB
Slab:             236528 kB
SReclaimable:     148800 kB
SUnreclaim:        87728 kB
KernelStack:       16176 kB
PageTables:        55368 kB
NFS_Unstable:          0 kB
Bounce:                0 kB
WritebackTmp:          0 kB
CommitLimit:     9182964 kB
Committed_AS:    8414500 kB
VmallocTotal:   34359738367 kB
VmallocUsed:           0 kB
VmallocChunk:          0 kB
Percpu:             2528 kB
HardwareCorrupted:     0 kB
AnonHugePages:         0 kB
ShmemHugePages:        0 kB
ShmemPmdMapped:        0 kB
CmaTotal:              0 kB
CmaFree:               0 kB
HugePages_Total:       0
HugePages_Free:        0
HugePages_Rsvd:        0
HugePages_Surp:        0
Hugepagesize:       2048 kB
Hugetlb:               0 kB
DirectMap4k:      516024 kB
DirectMap2M:     8857600 kB
DirectMap1G:     8388608 kB
