MemTotal:       16358900 kB
MemFree:        13604456 kB
MemAvailable:   14671844 kB
Buffers:           91932 kB
Cached:          1221084 kB
SwapCached:            0 kB
Active:          1718556 kB
Inactive:         652208 kB
Active(anon):    1062176 kB
Inactive(anon):    29940 kB
Active(file):     656380 kB
Inactive(file):   622268 kB
Unevictable:          32 kB
Mlocked:              32 kB
SwapTotal:       1003516 kB
SwapFree:        1003516 kB
Dirty:               168 kB
Writeback:             0 kB
AnonPages:       1057840 kB
Mapped:           266892 kB
Shmem:             34340 kB
KReclaimable:      80688 kB
Slab:             150992 kB
SReclaimable:      80688 kB
SUnreclaim:        70304 kB
KernelStack:        8896 kB
PageTables:        34256 kB
NFS_Unstable:          0 kB
Bounce:                0 kB
WritebackTmp:          0 kB
CommitLimit:     9182964 kB
Committed_AS:    4861748 kB
VmallocTotal:   34359738367 kB
VmallocUsed:           0 kB
VmallocChunk:          0 kB
Percpu:             2528 kB
HardwareCorrupted:     0 kB
AnonHugePages:         0 kB
ShmemHugePages:        0 kB
ShmemPmdMapped:        0 kB
CmaTotal:              0 kB
CmaFree:               0 kB
HugePages_Total:       0
HugePages_Free:        0
HugePages_Rsvd:        0
HugePages_Surp:        0
Hugepagesize:       2048 kB
Hugetlb:               0 kB
DirectMap4k:      274360 kB
DirectMap2M:     5953536 kB
DirectMap1G:    11534336 kB
