MemTotal:       16358900 kB
MemFree:        10925552 kB
MemAvailable:   13301980 kB
Buffers:          149860 kB
Cached:          2584136 kB
SwapCached:            0 kB
Active:          3062900 kB
Inactive:        1827992 kB
Active(anon):    1858728 kB
Inactive(anon):   486024 kB
Active(file):    1204172 kB
Inactive(file):  1341968 kB
Unevictable:          60 kB
Mlocked:              60 kB
SwapTotal:       1003516 kB
SwapFree:        1003516 kB
Dirty:               892 kB
Writeback:             0 kB
AnonPages:       2157120 kB
Mapped:           846140 kB
Shmem:            188548 kB
KReclaimable:     163780 kB
Slab:             257812 kB
SReclaimable:     163780 kB
SUnreclaim:        94032 kB
KernelStack:       15392 kB
PageTables:        54320 kB
NFS_Unstable:          0 kB
Bounce:                0 kB
WritebackTmp:          0 kB
CommitLimit:     9182964 kB
Committed_AS:    8325516 kB
VmallocTotal:   34359738367 kB
VmallocUsed:           0 kB
VmallocChunk:          0 kB
Percpu:             2528 kB
HardwareCorrupted:     0 kB
AnonHugePages:         0 kB
ShmemHugePages:        0 kB
ShmemPmdMapped:        0 kB
CmaTotal:              0 kB
CmaFree:               0 kB
HugePages_Total:       0
HugePages_Free:        0
HugePages_Rsvd:        0
HugePages_Surp:        0
Hugepagesize:       2048 kB
Hugetlb:               0 kB
DirectMap4k:      552888 kB
DirectMap2M:     9869312 kB
DirectMap1G:     7340032 kB
