MemTotal:       16358900 kB
MemFree:        13358196 kB
MemAvailable:   14730676 kB
Buffers:          132004 kB
Cached:          1486116 kB
SwapCached:            0 kB
Active:          1913624 kB
Inactive:         662164 kB
Active(anon):     962320 kB
Inactive(anon):    39084 kB
Active(file):     951304 kB
Inactive(file):   623080 kB
Unevictable:          32 kB
Mlocked:              32 kB
SwapTotal:       1003516 kB
SwapFree:        1003516 kB
Dirty:               468 kB
Writeback:             0 kB
AnonPages:        957732 kB
Mapped:           336740 kB
Shmem:             43740 kB
KReclaimable:      99400 kB
Slab:             179664 kB
SReclaimable:      99400 kB
SUnreclaim:        80264 kB
KernelStack:        9344 kB
PageTables:        34868 kB
NFS_Unstable:          0 kB
Bounce:                0 kB
WritebackTmp:          0 kB
CommitLimit:     9182964 kB
Committed_AS:    4871284 kB
VmallocTotal:   34359738367 kB
VmallocUsed:           0 kB
VmallocChunk:          0 kB
Percpu:             2432 kB
HardwareCorrupted:     0 kB
AnonHugePages:         0 kB
ShmemHugePages:        0 kB
ShmemPmdMapped:        0 kB
CmaTotal:              0 kB
CmaFree:               0 kB
HugePages_Total:       0
HugePages_Free:        0
HugePages_Rsvd:        0
HugePages_Surp:        0
Hugepagesize:       2048 kB
Hugetlb:               0 kB
DirectMap4k:      346040 kB
DirectMap2M:     5881856 kB
DirectMap1G:    11534336 kB
