MemTotal:       16358900 kB
MemFree:        13455348 kB
MemAvailable:   14822216 kB
Buffers:          134152 kB
Cached:          1478412 kB
SwapCached:            0 kB
Active:          1825260 kB
Inactive:         653260 kB
Active(anon):     870616 kB
Inactive(anon):    39076 kB
Active(file):     954644 kB
Inactive(file):   614184 kB
Unevictable:          32 kB
Mlocked:              32 kB
SwapTotal:       1003516 kB
SwapFree:        1003516 kB
Dirty:                12 kB
Writeback:             0 kB
AnonPages:        865988 kB
Mapped:           308108 kB
Shmem:             43724 kB
KReclaimable:      99288 kB
Slab:             179268 kB
SReclaimable:      99288 kB
SUnreclaim:        79980 kB
KernelStack:        8864 kB
PageTables:        33520 kB
NFS_Unstable:          0 kB
Bounce:                0 kB
WritebackTmp:          0 kB
CommitLimit:     9182964 kB
Committed_AS:    4679368 kB
VmallocTotal:   34359738367 kB
VmallocUsed:           0 kB
VmallocChunk:          0 kB
Percpu:             2432 kB
HardwareCorrupted:     0 kB
AnonHugePages:         0 kB
ShmemHugePages:        0 kB
ShmemPmdMapped:        0 kB
CmaTotal:              0 kB
CmaFree:               0 kB
HugePages_Total:       0
HugePages_Free:        0
HugePages_Rsvd:        0
HugePages_Surp:        0
Hugepagesize:       2048 kB
Hugetlb:               0 kB
DirectMap4k:      346040 kB
DirectMap2M:     5881856 kB
DirectMap1G:    11534336 kB
