MemTotal:        8047000 kB
MemFree:          738960 kB
MemAvailable:    3626464 kB
Buffers:          239284 kB
Cached:          3056436 kB
SwapCached:        13316 kB
Active:          4579660 kB
Inactive:        2218684 kB
Active(anon):    2871500 kB
Inactive(anon):   914772 kB
Active(file):    1708160 kB
Inactive(file):  1303912 kB
Unevictable:        8680 kB
Mlocked:              60 kB
SwapTotal:       1003516 kB
SwapFree:         515064 kB
Dirty:               344 kB
Writeback:             0 kB
AnonPages:       3501396 kB
Mapped:           948296 kB
Shmem:            285060 kB
KReclaimable:     185300 kB
Slab:             338848 kB
SReclaimable:     185300 kB
SUnreclaim:       153548 kB
KernelStack:       17648 kB
PageTables:        41220 kB
NFS_Unstable:          0 kB
Bounce:                0 kB
WritebackTmp:          0 kB
CommitLimit:     5027016 kB
Committed_AS:   12846988 kB
VmallocTotal:   34359738367 kB
VmallocUsed:           0 kB
VmallocChunk:          0 kB
Percpu:             5568 kB
HardwareCorrupted:     0 kB
AnonHugePages:         0 kB
ShmemHugePages:        0 kB
ShmemPmdMapped:        0 kB
CmaTotal:              0 kB
CmaFree:               0 kB
HugePages_Total:       0
HugePages_Free:        0
HugePages_Rsvd:        0
HugePages_Surp:        0
Hugepagesize:       2048 kB
Hugetlb:               0 kB
DirectMap4k:      365788 kB
DirectMap2M:     6856704 kB
DirectMap1G:     1048576 kB
