MemTotal:        8047000 kB
MemFree:         1107356 kB
MemAvailable:    6477756 kB
Buffers:          210588 kB
Cached:          5517364 kB
SwapCached:            0 kB
Active:          2477436 kB
Inactive:        3718000 kB
Active(anon):     648696 kB
Inactive(anon):    12212 kB
Active(file):    1828740 kB
Inactive(file):  3705788 kB
Unevictable:      176436 kB
Mlocked:              16 kB
SwapTotal:       1003516 kB
SwapFree:        1003516 kB
Dirty:               172 kB
Writeback:             0 kB
AnonPages:        643968 kB
Mapped:           251932 kB
Shmem:            193412 kB
KReclaimable:     306856 kB
Slab:             454932 kB
SReclaimable:     306856 kB
SUnreclaim:       148076 kB
KernelStack:        8832 kB
PageTables:        14924 kB
NFS_Unstable:          0 kB
Bounce:                0 kB
WritebackTmp:          0 kB
CommitLimit:     5027016 kB
Committed_AS:    4354516 kB
VmallocTotal:   34359738367 kB
VmallocUsed:           0 kB
VmallocChunk:          0 kB
Percpu:             4864 kB
HardwareCorrupted:     0 kB
AnonHugePages:         0 kB
ShmemHugePages:        0 kB
ShmemPmdMapped:        0 kB
CmaTotal:              0 kB
CmaFree:               0 kB
HugePages_Total:       0
HugePages_Free:        0
HugePages_Rsvd:        0
HugePages_Surp:        0
Hugepagesize:       2048 kB
Hugetlb:               0 kB
DirectMap4k:      304348 kB
DirectMap2M:     5869568 kB
DirectMap1G:     2097152 kB
