MemTotal:        8047000 kB
MemFree:          339224 kB
MemAvailable:    3876328 kB
Buffers:          227580 kB
Cached:          3736532 kB
SwapCached:            0 kB
Active:          4450420 kB
Inactive:        2728136 kB
Active(anon):    3228260 kB
Inactive(anon):   307636 kB
Active(file):    1222160 kB
Inactive(file):  2420500 kB
Unevictable:        8792 kB
Mlocked:              48 kB
SwapTotal:       1003516 kB
SwapFree:        1003516 kB
Dirty:             15636 kB
Writeback:             0 kB
AnonPages:       3223716 kB
Mapped:          1048108 kB
Shmem:            322712 kB
KReclaimable:     204312 kB
Slab:             364864 kB
SReclaimable:     204312 kB
SUnreclaim:       160552 kB
KernelStack:       17600 kB
PageTables:        41300 kB
NFS_Unstable:          0 kB
Bounce:                0 kB
WritebackTmp:          0 kB
CommitLimit:     5027016 kB
Committed_AS:   10541180 kB
VmallocTotal:   34359738367 kB
VmallocUsed:           0 kB
VmallocChunk:          0 kB
Percpu:             4896 kB
HardwareCorrupted:     0 kB
AnonHugePages:         0 kB
ShmemHugePages:        0 kB
ShmemPmdMapped:        0 kB
CmaTotal:              0 kB
CmaFree:               0 kB
HugePages_Total:       0
HugePages_Free:        0
HugePages_Rsvd:        0
HugePages_Surp:        0
Hugepagesize:       2048 kB
Hugetlb:               0 kB
DirectMap4k:      300252 kB
DirectMap2M:     6922240 kB
DirectMap1G:     1048576 kB
