MemTotal:        8047000 kB
MemFree:          467768 kB
MemAvailable:    3353724 kB
Buffers:          233512 kB
Cached:          3212624 kB
SwapCached:          340 kB
Active:          4633916 kB
Inactive:        2435976 kB
Active(anon):    3418332 kB
Inactive(anon):   636184 kB
Active(file):    1215584 kB
Inactive(file):  1799792 kB
Unevictable:        8792 kB
Mlocked:              48 kB
SwapTotal:       1003516 kB
SwapFree:         998908 kB
Dirty:               608 kB
Writeback:             0 kB
AnonPages:       3632568 kB
Mapped:          1169628 kB
Shmem:            430832 kB
KReclaimable:     180448 kB
Slab:             339084 kB
SReclaimable:     180448 kB
SUnreclaim:       158636 kB
KernelStack:       18172 kB
PageTables:        43780 kB
NFS_Unstable:          0 kB
Bounce:                0 kB
WritebackTmp:          0 kB
CommitLimit:     5027016 kB
Committed_AS:   11224604 kB
VmallocTotal:   34359738367 kB
VmallocUsed:           0 kB
VmallocChunk:          0 kB
Percpu:             4896 kB
HardwareCorrupted:     0 kB
AnonHugePages:         0 kB
ShmemHugePages:        0 kB
ShmemPmdMapped:        0 kB
CmaTotal:              0 kB
CmaFree:               0 kB
HugePages_Total:       0
HugePages_Free:        0
HugePages_Rsvd:        0
HugePages_Surp:        0
Hugepagesize:       2048 kB
Hugetlb:               0 kB
DirectMap4k:      306396 kB
DirectMap2M:     6916096 kB
DirectMap1G:     1048576 kB
