MemTotal:        8047000 kB
MemFree:         1412096 kB
MemAvailable:    4540336 kB
Buffers:          241184 kB
Cached:          3215344 kB
SwapCached:          244 kB
Active:          3994456 kB
Inactive:        2131508 kB
Active(anon):    2453604 kB
Inactive(anon):   424028 kB
Active(file):    1540852 kB
Inactive(file):  1707480 kB
Unevictable:        8760 kB
Mlocked:              16 kB
SwapTotal:       1003516 kB
SwapFree:         998908 kB
Dirty:              2596 kB
Writeback:             0 kB
AnonPages:       2678212 kB
Mapped:           670796 kB
Shmem:            208188 kB
KReclaimable:     189776 kB
Slab:             355916 kB
SReclaimable:     189776 kB
SUnreclaim:       166140 kB
KernelStack:       16752 kB
PageTables:        33648 kB
NFS_Unstable:          0 kB
Bounce:                0 kB
WritebackTmp:          0 kB
CommitLimit:     5027016 kB
Committed_AS:    9205180 kB
VmallocTotal:   34359738367 kB
VmallocUsed:           0 kB
VmallocChunk:          0 kB
Percpu:             4896 kB
HardwareCorrupted:     0 kB
AnonHugePages:         0 kB
ShmemHugePages:        0 kB
ShmemPmdMapped:        0 kB
CmaTotal:              0 kB
CmaFree:               0 kB
HugePages_Total:       0
HugePages_Free:        0
HugePages_Rsvd:        0
HugePages_Surp:        0
Hugepagesize:       2048 kB
Hugetlb:               0 kB
DirectMap4k:      310492 kB
DirectMap2M:     6912000 kB
DirectMap1G:     1048576 kB
