MemTotal:        8047000 kB
MemFree:          912332 kB
MemAvailable:    4111828 kB
Buffers:          323132 kB
Cached:          3167476 kB
SwapCached:          480 kB
Active:          4461684 kB
Inactive:        2109944 kB
Active(anon):    2865340 kB
Inactive(anon):   450576 kB
Active(file):    1596344 kB
Inactive(file):  1659368 kB
Unevictable:        8760 kB
Mlocked:              16 kB
SwapTotal:       1003516 kB
SwapFree:        1000064 kB
Dirty:               964 kB
Writeback:             0 kB
AnonPages:       3089404 kB
Mapped:           840792 kB
Shmem:            235728 kB
KReclaimable:     253652 kB
Slab:             400456 kB
SReclaimable:     253652 kB
SUnreclaim:       146804 kB
KernelStack:       17952 kB
PageTables:        37640 kB
NFS_Unstable:          0 kB
Bounce:                0 kB
WritebackTmp:          0 kB
CommitLimit:     5027016 kB
Committed_AS:   10408472 kB
VmallocTotal:   34359738367 kB
VmallocUsed:           0 kB
VmallocChunk:          0 kB
Percpu:             4896 kB
HardwareCorrupted:     0 kB
AnonHugePages:         0 kB
ShmemHugePages:        0 kB
ShmemPmdMapped:        0 kB
CmaTotal:              0 kB
CmaFree:               0 kB
HugePages_Total:       0
HugePages_Free:        0
HugePages_Rsvd:        0
HugePages_Surp:        0
Hugepagesize:       2048 kB
Hugetlb:               0 kB
DirectMap4k:      326876 kB
DirectMap2M:     6895616 kB
DirectMap1G:     1048576 kB
