MemTotal:        8047000 kB
MemFree:          550596 kB
MemAvailable:    3905008 kB
Buffers:          323800 kB
Cached:          3231068 kB
SwapCached:        14424 kB
Active:          4542512 kB
Inactive:        2371644 kB
Active(anon):    2708964 kB
Inactive(anon):   800696 kB
Active(file):    1833548 kB
Inactive(file):  1570948 kB
Unevictable:        8680 kB
Mlocked:              60 kB
SwapTotal:       1003516 kB
SwapFree:         521192 kB
Dirty:               604 kB
Writeback:             0 kB
AnonPages:       3357368 kB
Mapped:           650500 kB
Shmem:            151788 kB
KReclaimable:     263880 kB
Slab:             424176 kB
SReclaimable:     263880 kB
SUnreclaim:       160296 kB
KernelStack:       16924 kB
PageTables:        36244 kB
NFS_Unstable:          0 kB
Bounce:                0 kB
WritebackTmp:          0 kB
CommitLimit:     5027016 kB
Committed_AS:   12110016 kB
VmallocTotal:   34359738367 kB
VmallocUsed:           0 kB
VmallocChunk:          0 kB
Percpu:             5856 kB
HardwareCorrupted:     0 kB
AnonHugePages:         0 kB
ShmemHugePages:        0 kB
ShmemPmdMapped:        0 kB
CmaTotal:              0 kB
CmaFree:               0 kB
HugePages_Total:       0
HugePages_Free:        0
HugePages_Rsvd:        0
HugePages_Surp:        0
Hugepagesize:       2048 kB
Hugetlb:               0 kB
DirectMap4k:      365788 kB
DirectMap2M:     6856704 kB
DirectMap1G:     1048576 kB
