MemTotal:        8046996 kB
MemFree:         6107624 kB
MemAvailable:    6853868 kB
Buffers:           77080 kB
Cached:           897964 kB
SwapCached:            0 kB
Active:          1018088 kB
Inactive:         605220 kB
Active(anon):     661792 kB
Inactive(anon):    30396 kB
Active(file):     356296 kB
Inactive(file):   574824 kB
Unevictable:        8760 kB
Mlocked:              16 kB
SwapTotal:       1003516 kB
SwapFree:        1003516 kB
Dirty:                92 kB
Writeback:             0 kB
AnonPages:        657132 kB
Mapped:           275000 kB
Shmem:             43856 kB
KReclaimable:      81040 kB
Slab:             204908 kB
SReclaimable:      81040 kB
SUnreclaim:       123868 kB
KernelStack:        8368 kB
PageTables:        13952 kB
NFS_Unstable:          0 kB
Bounce:                0 kB
WritebackTmp:          0 kB
CommitLimit:     5027012 kB
Committed_AS:    3842928 kB
VmallocTotal:   34359738367 kB
VmallocUsed:           0 kB
VmallocChunk:          0 kB
Percpu:             4448 kB
HardwareCorrupted:     0 kB
AnonHugePages:         0 kB
ShmemHugePages:        0 kB
ShmemPmdMapped:        0 kB
CmaTotal:              0 kB
CmaFree:               0 kB
HugePages_Total:       0
HugePages_Free:        0
HugePages_Rsvd:        0
HugePages_Surp:        0
Hugepagesize:       2048 kB
Hugetlb:               0 kB
DirectMap4k:      212188 kB
DirectMap2M:     4913152 kB
DirectMap1G:     3145728 kB
