MemTotal:        8047000 kB
MemFree:         2027940 kB
MemAvailable:    5797260 kB
Buffers:           67504 kB
Cached:          3921428 kB
SwapCached:        13852 kB
Active:          3261620 kB
Inactive:        2306128 kB
Active(anon):    1336512 kB
Inactive(anon):   314800 kB
Active(file):    1925108 kB
Inactive(file):  1991328 kB
Unevictable:        8668 kB
Mlocked:              52 kB
SwapTotal:       1003516 kB
SwapFree:         406920 kB
Dirty:               132 kB
Writeback:             0 kB
AnonPages:       1575208 kB
Mapped:           318236 kB
Shmem:             73520 kB
KReclaimable:     156560 kB
Slab:             310396 kB
SReclaimable:     156560 kB
SUnreclaim:       153836 kB
KernelStack:       11328 kB
PageTables:        25212 kB
NFS_Unstable:          0 kB
Bounce:                0 kB
WritebackTmp:          0 kB
CommitLimit:     5027016 kB
Committed_AS:    8676304 kB
VmallocTotal:   34359738367 kB
VmallocUsed:           0 kB
VmallocChunk:          0 kB
Percpu:             4896 kB
HardwareCorrupted:     0 kB
AnonHugePages:         0 kB
ShmemHugePages:        0 kB
ShmemPmdMapped:        0 kB
CmaTotal:              0 kB
CmaFree:               0 kB
HugePages_Total:       0
HugePages_Free:        0
HugePages_Rsvd:        0
HugePages_Surp:        0
Hugepagesize:       2048 kB
Hugetlb:               0 kB
DirectMap4k:      343260 kB
DirectMap2M:     6879232 kB
DirectMap1G:     1048576 kB
