MemTotal:        8047000 kB
MemFree:         2013928 kB
MemAvailable:    5789420 kB
Buffers:           68192 kB
Cached:          3925052 kB
SwapCached:        14272 kB
Active:          3273860 kB
Inactive:        2305788 kB
Active(anon):    1342180 kB
Inactive(anon):   316548 kB
Active(file):    1931680 kB
Inactive(file):  1989240 kB
Unevictable:        8668 kB
Mlocked:              52 kB
SwapTotal:       1003516 kB
SwapFree:         413628 kB
Dirty:                40 kB
Writeback:             0 kB
AnonPages:       1582200 kB
Mapped:           319944 kB
Shmem:             73348 kB
KReclaimable:     159932 kB
Slab:             313384 kB
SReclaimable:     159932 kB
SUnreclaim:       153452 kB
KernelStack:       11216 kB
PageTables:        25240 kB
NFS_Unstable:          0 kB
Bounce:                0 kB
WritebackTmp:          0 kB
CommitLimit:     5027016 kB
Committed_AS:    8671952 kB
VmallocTotal:   34359738367 kB
VmallocUsed:           0 kB
VmallocChunk:          0 kB
Percpu:             4896 kB
HardwareCorrupted:     0 kB
AnonHugePages:         0 kB
ShmemHugePages:        0 kB
ShmemPmdMapped:        0 kB
CmaTotal:              0 kB
CmaFree:               0 kB
HugePages_Total:       0
HugePages_Free:        0
HugePages_Rsvd:        0
HugePages_Surp:        0
Hugepagesize:       2048 kB
Hugetlb:               0 kB
DirectMap4k:      343260 kB
DirectMap2M:     6879232 kB
DirectMap1G:     1048576 kB
