MemTotal:        8047000 kB
MemFree:         1433576 kB
MemAvailable:    5743088 kB
Buffers:          156948 kB
Cached:          4356188 kB
SwapCached:        15492 kB
Active:          3497208 kB
Inactive:        2644212 kB
Active(anon):    1367496 kB
Inactive(anon):   333024 kB
Active(file):    2129712 kB
Inactive(file):  2311188 kB
Unevictable:        8668 kB
Mlocked:              52 kB
SwapTotal:       1003516 kB
SwapFree:         444256 kB
Dirty:               408 kB
Writeback:             0 kB
AnonPages:       1622944 kB
Mapped:           321004 kB
Shmem:             73260 kB
KReclaimable:     178480 kB
Slab:             332604 kB
SReclaimable:     178480 kB
SUnreclaim:       154124 kB
KernelStack:       11296 kB
PageTables:        25444 kB
NFS_Unstable:          0 kB
Bounce:                0 kB
WritebackTmp:          0 kB
CommitLimit:     5027016 kB
Committed_AS:    8697352 kB
VmallocTotal:   34359738367 kB
VmallocUsed:           0 kB
VmallocChunk:          0 kB
Percpu:             4896 kB
HardwareCorrupted:     0 kB
AnonHugePages:         0 kB
ShmemHugePages:        0 kB
ShmemPmdMapped:        0 kB
CmaTotal:              0 kB
CmaFree:               0 kB
HugePages_Total:       0
HugePages_Free:        0
HugePages_Rsvd:        0
HugePages_Surp:        0
Hugepagesize:       2048 kB
Hugetlb:               0 kB
DirectMap4k:      343260 kB
DirectMap2M:     6879232 kB
DirectMap1G:     1048576 kB
