MemTotal:        8047000 kB
MemFree:          955076 kB
MemAvailable:    4964216 kB
Buffers:          171356 kB
Cached:          4109592 kB
SwapCached:        16044 kB
Active:          3030500 kB
Inactive:        3527388 kB
Active(anon):    1741888 kB
Inactive(anon):   724020 kB
Active(file):    1288612 kB
Inactive(file):  2803368 kB
Unevictable:        8668 kB
Mlocked:              52 kB
SwapTotal:       1003516 kB
SwapFree:         447948 kB
Dirty:              1652 kB
Writeback:             0 kB
AnonPages:       2270972 kB
Mapped:           551208 kB
Shmem:            190980 kB
KReclaimable:     227028 kB
Slab:             383724 kB
SReclaimable:     227028 kB
SUnreclaim:       156696 kB
KernelStack:       14304 kB
PageTables:        31260 kB
NFS_Unstable:          0 kB
Bounce:                0 kB
WritebackTmp:          0 kB
CommitLimit:     5027016 kB
Committed_AS:   10140272 kB
VmallocTotal:   34359738367 kB
VmallocUsed:           0 kB
VmallocChunk:          0 kB
Percpu:             4896 kB
HardwareCorrupted:     0 kB
AnonHugePages:         0 kB
ShmemHugePages:        0 kB
ShmemPmdMapped:        0 kB
CmaTotal:              0 kB
CmaFree:               0 kB
HugePages_Total:       0
HugePages_Free:        0
HugePages_Rsvd:        0
HugePages_Surp:        0
Hugepagesize:       2048 kB
Hugetlb:               0 kB
DirectMap4k:      345308 kB
DirectMap2M:     6877184 kB
DirectMap1G:     1048576 kB
