MemTotal:        8047000 kB
MemFree:         5143004 kB
MemAvailable:    6257132 kB
Buffers:           86312 kB
Cached:          1294268 kB
SwapCached:            0 kB
Active:          1856880 kB
Inactive:         687476 kB
Active(anon):    1177252 kB
Inactive(anon):    77572 kB
Active(file):     679628 kB
Inactive(file):   609904 kB
Unevictable:        8760 kB
Mlocked:              16 kB
SwapTotal:       1003516 kB
SwapFree:        1003516 kB
Dirty:            137524 kB
Writeback:             0 kB
AnonPages:       1172536 kB
Mapped:           414200 kB
Shmem:             91052 kB
KReclaimable:      99980 kB
Slab:             237004 kB
SReclaimable:      99980 kB
SUnreclaim:       137024 kB
KernelStack:       11856 kB
PageTables:        18368 kB
NFS_Unstable:          0 kB
Bounce:                0 kB
WritebackTmp:          0 kB
CommitLimit:     5027016 kB
Committed_AS:    5455460 kB
VmallocTotal:   34359738367 kB
VmallocUsed:           0 kB
VmallocChunk:          0 kB
Percpu:             4640 kB
HardwareCorrupted:     0 kB
AnonHugePages:         0 kB
ShmemHugePages:        0 kB
ShmemPmdMapped:        0 kB
CmaTotal:              0 kB
CmaFree:               0 kB
HugePages_Total:       0
HugePages_Free:        0
HugePages_Rsvd:        0
HugePages_Surp:        0
Hugepagesize:       2048 kB
Hugetlb:               0 kB
DirectMap4k:      220380 kB
DirectMap2M:     4904960 kB
DirectMap1G:     3145728 kB
