MemTotal:        8047000 kB
MemFree:         1059604 kB
MemAvailable:    5059768 kB
Buffers:          166604 kB
Cached:          4106528 kB
SwapCached:        16020 kB
Active:          2927280 kB
Inactive:        3524064 kB
Active(anon):    1644916 kB
Inactive(anon):   723660 kB
Active(file):    1282364 kB
Inactive(file):  2800404 kB
Unevictable:        8668 kB
Mlocked:              52 kB
SwapTotal:       1003516 kB
SwapFree:         447436 kB
Dirty:               224 kB
Writeback:             0 kB
AnonPages:       2172736 kB
Mapped:           549716 kB
Shmem:            190640 kB
KReclaimable:     227264 kB
Slab:             384572 kB
SReclaimable:     227264 kB
SUnreclaim:       157308 kB
KernelStack:       14428 kB
PageTables:        31260 kB
NFS_Unstable:          0 kB
Bounce:                0 kB
WritebackTmp:          0 kB
CommitLimit:     5027016 kB
Committed_AS:   10066376 kB
VmallocTotal:   34359738367 kB
VmallocUsed:           0 kB
VmallocChunk:          0 kB
Percpu:             4896 kB
HardwareCorrupted:     0 kB
AnonHugePages:         0 kB
ShmemHugePages:        0 kB
ShmemPmdMapped:        0 kB
CmaTotal:              0 kB
CmaFree:               0 kB
HugePages_Total:       0
HugePages_Free:        0
HugePages_Rsvd:        0
HugePages_Surp:        0
Hugepagesize:       2048 kB
Hugetlb:               0 kB
DirectMap4k:      345308 kB
DirectMap2M:     6877184 kB
DirectMap1G:     1048576 kB
