MemTotal:        8047000 kB
MemFree:          542048 kB
MemAvailable:    4604976 kB
Buffers:          175752 kB
Cached:          4199208 kB
SwapCached:        16064 kB
Active:          3367868 kB
Inactive:        3604964 kB
Active(anon):    2064196 kB
Inactive(anon):   762508 kB
Active(file):    1303672 kB
Inactive(file):  2842456 kB
Unevictable:        8668 kB
Mlocked:              52 kB
SwapTotal:       1003516 kB
SwapFree:         452044 kB
Dirty:              6012 kB
Writeback:             0 kB
AnonPages:       2591900 kB
Mapped:           593152 kB
Shmem:            229856 kB
KReclaimable:     226668 kB
Slab:             382484 kB
SReclaimable:     226668 kB
SUnreclaim:       155816 kB
KernelStack:       15248 kB
PageTables:        32836 kB
NFS_Unstable:          0 kB
Bounce:                0 kB
WritebackTmp:          0 kB
CommitLimit:     5027016 kB
Committed_AS:   10595772 kB
VmallocTotal:   34359738367 kB
VmallocUsed:           0 kB
VmallocChunk:          0 kB
Percpu:             4896 kB
HardwareCorrupted:     0 kB
AnonHugePages:         0 kB
ShmemHugePages:        0 kB
ShmemPmdMapped:        0 kB
CmaTotal:              0 kB
CmaFree:               0 kB
HugePages_Total:       0
HugePages_Free:        0
HugePages_Rsvd:        0
HugePages_Surp:        0
Hugepagesize:       2048 kB
Hugetlb:               0 kB
DirectMap4k:      345308 kB
DirectMap2M:     6877184 kB
DirectMap1G:     1048576 kB
