MemTotal:        8047000 kB
MemFree:          853536 kB
MemAvailable:    4573080 kB
Buffers:          184360 kB
Cached:          3918332 kB
SwapCached:        16640 kB
Active:          3360184 kB
Inactive:        3305728 kB
Active(anon):    2006264 kB
Inactive(anon):   841400 kB
Active(file):    1353920 kB
Inactive(file):  2464328 kB
Unevictable:        8648 kB
Mlocked:              32 kB
SwapTotal:       1003516 kB
SwapFree:         457420 kB
Dirty:               520 kB
Writeback:             0 kB
AnonPages:       2556828 kB
Mapped:           728172 kB
Shmem:            284444 kB
KReclaimable:     211164 kB
Slab:             369356 kB
SReclaimable:     211164 kB
SUnreclaim:       158192 kB
KernelStack:       15568 kB
PageTables:        36188 kB
NFS_Unstable:          0 kB
Bounce:                0 kB
WritebackTmp:          0 kB
CommitLimit:     5027016 kB
Committed_AS:   11250760 kB
VmallocTotal:   34359738367 kB
VmallocUsed:           0 kB
VmallocChunk:          0 kB
Percpu:             4896 kB
HardwareCorrupted:     0 kB
AnonHugePages:         0 kB
ShmemHugePages:        0 kB
ShmemPmdMapped:        0 kB
CmaTotal:              0 kB
CmaFree:               0 kB
HugePages_Total:       0
HugePages_Free:        0
HugePages_Rsvd:        0
HugePages_Surp:        0
Hugepagesize:       2048 kB
Hugetlb:               0 kB
DirectMap4k:      359644 kB
DirectMap2M:     6862848 kB
DirectMap1G:     1048576 kB
