MemTotal:        8047000 kB
MemFree:         1111640 kB
MemAvailable:    4924668 kB
Buffers:          208544 kB
Cached:          3831812 kB
SwapCached:        16548 kB
Active:          3438648 kB
Inactive:        2954368 kB
Active(anon):    1770608 kB
Inactive(anon):   717100 kB
Active(file):    1668040 kB
Inactive(file):  2237268 kB
Unevictable:        8664 kB
Mlocked:              48 kB
SwapTotal:       1003516 kB
SwapFree:         467404 kB
Dirty:               456 kB
Writeback:             0 kB
AnonPages:       2346056 kB
Mapped:           537776 kB
Shmem:            135540 kB
KReclaimable:     217588 kB
Slab:             393404 kB
SReclaimable:     217588 kB
SUnreclaim:       175816 kB
KernelStack:       14080 kB
PageTables:        32136 kB
NFS_Unstable:          0 kB
Bounce:                0 kB
WritebackTmp:          0 kB
CommitLimit:     5027016 kB
Committed_AS:   11038584 kB
VmallocTotal:   34359738367 kB
VmallocUsed:           0 kB
VmallocChunk:          0 kB
Percpu:             5568 kB
HardwareCorrupted:     0 kB
AnonHugePages:         0 kB
ShmemHugePages:        0 kB
ShmemPmdMapped:        0 kB
CmaTotal:              0 kB
CmaFree:               0 kB
HugePages_Total:       0
HugePages_Free:        0
HugePages_Rsvd:        0
HugePages_Surp:        0
Hugepagesize:       2048 kB
Hugetlb:               0 kB
DirectMap4k:      361692 kB
DirectMap2M:     6860800 kB
DirectMap1G:     1048576 kB
