MemTotal:        8047000 kB
MemFree:         3751300 kB
MemAvailable:    6263620 kB
Buffers:          202740 kB
Cached:          2524460 kB
SwapCached:            0 kB
Active:          2536588 kB
Inactive:        1339072 kB
Active(anon):    1162044 kB
Inactive(anon):    51272 kB
Active(file):    1374544 kB
Inactive(file):  1287800 kB
Unevictable:        8760 kB
Mlocked:              16 kB
SwapTotal:       1003516 kB
SwapFree:        1003516 kB
Dirty:               152 kB
Writeback:             0 kB
AnonPages:       1157272 kB
Mapped:           398024 kB
Shmem:             64844 kB
KReclaimable:     150744 kB
Slab:             301220 kB
SReclaimable:     150744 kB
SUnreclaim:       150476 kB
KernelStack:       10656 kB
PageTables:        19336 kB
NFS_Unstable:          0 kB
Bounce:                0 kB
WritebackTmp:          0 kB
CommitLimit:     5027016 kB
Committed_AS:    6006708 kB
VmallocTotal:   34359738367 kB
VmallocUsed:           0 kB
VmallocChunk:          0 kB
Percpu:             4832 kB
HardwareCorrupted:     0 kB
AnonHugePages:         0 kB
ShmemHugePages:        0 kB
ShmemPmdMapped:        0 kB
CmaTotal:              0 kB
CmaFree:               0 kB
HugePages_Total:       0
HugePages_Free:        0
HugePages_Rsvd:        0
HugePages_Surp:        0
Hugepagesize:       2048 kB
Hugetlb:               0 kB
DirectMap4k:      290012 kB
DirectMap2M:     6932480 kB
DirectMap1G:     1048576 kB
