MemTotal:        8046996 kB
MemFree:         1098324 kB
MemAvailable:    2578540 kB
Buffers:          659768 kB
Cached:          2353804 kB
SwapCached:        11756 kB
Active:          3570980 kB
Inactive:        2004704 kB
Active(anon):    3208784 kB
Inactive(anon):   710344 kB
Active(file):     362196 kB
Inactive(file):  1294360 kB
Unevictable:      948104 kB
Mlocked:              36 kB
SwapTotal:       1003516 kB
SwapFree:         645628 kB
Dirty:               116 kB
Writeback:             0 kB
AnonPages:       3500832 kB
Mapped:           963960 kB
Shmem:           1357008 kB
KReclaimable:     102208 kB
Slab:             275596 kB
SReclaimable:     102208 kB
SUnreclaim:       173388 kB
KernelStack:       12832 kB
PageTables:        37656 kB
NFS_Unstable:          0 kB
Bounce:                0 kB
WritebackTmp:          0 kB
CommitLimit:     5027012 kB
Committed_AS:   11011172 kB
VmallocTotal:   34359738367 kB
VmallocUsed:           0 kB
VmallocChunk:          0 kB
Percpu:             4544 kB
HardwareCorrupted:     0 kB
AnonHugePages:         0 kB
ShmemHugePages:        0 kB
ShmemPmdMapped:        0 kB
CmaTotal:              0 kB
CmaFree:               0 kB
HugePages_Total:       0
HugePages_Free:        0
HugePages_Rsvd:        0
HugePages_Surp:        0
Hugepagesize:       2048 kB
Hugetlb:               0 kB
DirectMap4k:      273628 kB
DirectMap2M:     7997440 kB
DirectMap1G:           0 kB
