MemTotal:        8047000 kB
MemFree:          532064 kB
MemAvailable:    4043508 kB
Buffers:          215428 kB
Cached:          3754472 kB
SwapCached:        16720 kB
Active:          4058920 kB
Inactive:        2906312 kB
Active(anon):    2385012 kB
Inactive(anon):   912656 kB
Active(file):    1673908 kB
Inactive(file):  1993656 kB
Unevictable:        8664 kB
Mlocked:              48 kB
SwapTotal:       1003516 kB
SwapFree:         470476 kB
Dirty:               160 kB
Writeback:             0 kB
AnonPages:       2988644 kB
Mapped:           817996 kB
Shmem:            302336 kB
KReclaimable:     212276 kB
Slab:             388508 kB
SReclaimable:     212276 kB
SUnreclaim:       176232 kB
KernelStack:       16736 kB
PageTables:        37436 kB
NFS_Unstable:          0 kB
Bounce:                0 kB
WritebackTmp:          0 kB
CommitLimit:     5027016 kB
Committed_AS:   12317568 kB
VmallocTotal:   34359738367 kB
VmallocUsed:           0 kB
VmallocChunk:          0 kB
Percpu:             5568 kB
HardwareCorrupted:     0 kB
AnonHugePages:         0 kB
ShmemHugePages:        0 kB
ShmemPmdMapped:        0 kB
CmaTotal:              0 kB
CmaFree:               0 kB
HugePages_Total:       0
HugePages_Free:        0
HugePages_Rsvd:        0
HugePages_Surp:        0
Hugepagesize:       2048 kB
Hugetlb:               0 kB
DirectMap4k:      361692 kB
DirectMap2M:     6860800 kB
DirectMap1G:     1048576 kB
