MemTotal:        8047000 kB
MemFree:         2721188 kB
MemAvailable:    5157080 kB
Buffers:          207760 kB
Cached:          2521856 kB
SwapCached:            0 kB
Active:          3252928 kB
Inactive:        1599232 kB
Active(anon):    2136468 kB
Inactive(anon):   142744 kB
Active(file):    1116460 kB
Inactive(file):  1456488 kB
Unevictable:        8792 kB
Mlocked:              48 kB
SwapTotal:       1003516 kB
SwapFree:        1003516 kB
Dirty:                 0 kB
Writeback:             0 kB
AnonPages:       2131400 kB
Mapped:           598204 kB
Shmem:            157600 kB
KReclaimable:     172812 kB
Slab:             329292 kB
SReclaimable:     172812 kB
SUnreclaim:       156480 kB
KernelStack:       14144 kB
PageTables:        28240 kB
NFS_Unstable:          0 kB
Bounce:                0 kB
WritebackTmp:          0 kB
CommitLimit:     5027016 kB
Committed_AS:    7736740 kB
VmallocTotal:   34359738367 kB
VmallocUsed:           0 kB
VmallocChunk:          0 kB
Percpu:             4896 kB
HardwareCorrupted:     0 kB
AnonHugePages:         0 kB
ShmemHugePages:        0 kB
ShmemPmdMapped:        0 kB
CmaTotal:              0 kB
CmaFree:               0 kB
HugePages_Total:       0
HugePages_Free:        0
HugePages_Rsvd:        0
HugePages_Surp:        0
Hugepagesize:       2048 kB
Hugetlb:               0 kB
DirectMap4k:      292060 kB
DirectMap2M:     6930432 kB
DirectMap1G:     1048576 kB
