MemTotal:        8047000 kB
MemFree:          507624 kB
MemAvailable:    4021120 kB
Buffers:          215652 kB
Cached:          3756264 kB
SwapCached:        16720 kB
Active:          4082200 kB
Inactive:        2907296 kB
Active(anon):    2407420 kB
Inactive(anon):   912496 kB
Active(file):    1674780 kB
Inactive(file):  1994800 kB
Unevictable:        8664 kB
Mlocked:              48 kB
SwapTotal:       1003516 kB
SwapFree:         470476 kB
Dirty:                64 kB
Writeback:             0 kB
AnonPages:       3010768 kB
Mapped:           818108 kB
Shmem:            302336 kB
KReclaimable:     212348 kB
Slab:             388980 kB
SReclaimable:     212348 kB
SUnreclaim:       176632 kB
KernelStack:       16720 kB
PageTables:        37428 kB
NFS_Unstable:          0 kB
Bounce:                0 kB
WritebackTmp:          0 kB
CommitLimit:     5027016 kB
Committed_AS:   12340092 kB
VmallocTotal:   34359738367 kB
VmallocUsed:           0 kB
VmallocChunk:          0 kB
Percpu:             5568 kB
HardwareCorrupted:     0 kB
AnonHugePages:         0 kB
ShmemHugePages:        0 kB
ShmemPmdMapped:        0 kB
CmaTotal:              0 kB
CmaFree:               0 kB
HugePages_Total:       0
HugePages_Free:        0
HugePages_Rsvd:        0
HugePages_Surp:        0
Hugepagesize:       2048 kB
Hugetlb:               0 kB
DirectMap4k:      361692 kB
DirectMap2M:     6860800 kB
DirectMap1G:     1048576 kB
