MemTotal:        8047000 kB
MemFree:          570948 kB
MemAvailable:    4112788 kB
Buffers:          212004 kB
Cached:          3718336 kB
SwapCached:        16548 kB
Active:          4050640 kB
Inactive:        2875100 kB
Active(anon):    2385832 kB
Inactive(anon):   899320 kB
Active(file):    1664808 kB
Inactive(file):  1975780 kB
Unevictable:        8664 kB
Mlocked:              48 kB
SwapTotal:       1003516 kB
SwapFree:         469708 kB
Dirty:                76 kB
Writeback:             0 kB
AnonPages:       2988840 kB
Mapped:           803684 kB
Shmem:            290248 kB
KReclaimable:     211120 kB
Slab:             388044 kB
SReclaimable:     211120 kB
SUnreclaim:       176924 kB
KernelStack:       16880 kB
PageTables:        38148 kB
NFS_Unstable:          0 kB
Bounce:                0 kB
WritebackTmp:          0 kB
CommitLimit:     5027016 kB
Committed_AS:   12441904 kB
VmallocTotal:   34359738367 kB
VmallocUsed:           0 kB
VmallocChunk:          0 kB
Percpu:             5568 kB
HardwareCorrupted:     0 kB
AnonHugePages:         0 kB
ShmemHugePages:        0 kB
ShmemPmdMapped:        0 kB
CmaTotal:              0 kB
CmaFree:               0 kB
HugePages_Total:       0
HugePages_Free:        0
HugePages_Rsvd:        0
HugePages_Surp:        0
Hugepagesize:       2048 kB
Hugetlb:               0 kB
DirectMap4k:      361692 kB
DirectMap2M:     6860800 kB
DirectMap1G:     1048576 kB
