MemTotal:        8047000 kB
MemFree:          210568 kB
MemAvailable:    3467692 kB
Buffers:          225592 kB
Cached:          3458644 kB
SwapCached:        15416 kB
Active:          4645004 kB
Inactive:        2639348 kB
Active(anon):    2986460 kB
Inactive(anon):   934868 kB
Active(file):    1658544 kB
Inactive(file):  1704480 kB
Unevictable:        8692 kB
Mlocked:              76 kB
SwapTotal:       1003516 kB
SwapFree:         471756 kB
Dirty:               436 kB
Writeback:             0 kB
AnonPages:       3594792 kB
Mapped:           924008 kB
Shmem:            321592 kB
KReclaimable:     203968 kB
Slab:             380480 kB
SReclaimable:     203968 kB
SUnreclaim:       176512 kB
KernelStack:       19808 kB
PageTables:        42912 kB
NFS_Unstable:          0 kB
Bounce:                0 kB
WritebackTmp:          0 kB
CommitLimit:     5027016 kB
Committed_AS:   13600928 kB
VmallocTotal:   34359738367 kB
VmallocUsed:           0 kB
VmallocChunk:          0 kB
Percpu:             5568 kB
HardwareCorrupted:     0 kB
AnonHugePages:         0 kB
ShmemHugePages:        0 kB
ShmemPmdMapped:        0 kB
CmaTotal:              0 kB
CmaFree:               0 kB
HugePages_Total:       0
HugePages_Free:        0
HugePages_Rsvd:        0
HugePages_Surp:        0
Hugepagesize:       2048 kB
Hugetlb:               0 kB
DirectMap4k:      361692 kB
DirectMap2M:     6860800 kB
DirectMap1G:     1048576 kB
