MemTotal:        8047000 kB
MemFree:          805052 kB
MemAvailable:    4096088 kB
Buffers:          230908 kB
Cached:          3352024 kB
SwapCached:        15620 kB
Active:          4208148 kB
Inactive:        2492972 kB
Active(anon):    2505428 kB
Inactive(anon):   800560 kB
Active(file):    1702720 kB
Inactive(file):  1692412 kB
Unevictable:        8676 kB
Mlocked:              60 kB
SwapTotal:       1003516 kB
SwapFree:         474316 kB
Dirty:               148 kB
Writeback:             0 kB
AnonPages:       3112868 kB
Mapped:           674748 kB
Shmem:            189212 kB
KReclaimable:     205772 kB
Slab:             381876 kB
SReclaimable:     205772 kB
SUnreclaim:       176104 kB
KernelStack:       17120 kB
PageTables:        35148 kB
NFS_Unstable:          0 kB
Bounce:                0 kB
WritebackTmp:          0 kB
CommitLimit:     5027016 kB
Committed_AS:   11836740 kB
VmallocTotal:   34359738367 kB
VmallocUsed:           0 kB
VmallocChunk:          0 kB
Percpu:             5568 kB
HardwareCorrupted:     0 kB
AnonHugePages:         0 kB
ShmemHugePages:        0 kB
ShmemPmdMapped:        0 kB
CmaTotal:              0 kB
CmaFree:               0 kB
HugePages_Total:       0
HugePages_Free:        0
HugePages_Rsvd:        0
HugePages_Surp:        0
Hugepagesize:       2048 kB
Hugetlb:               0 kB
DirectMap4k:      365788 kB
DirectMap2M:     6856704 kB
DirectMap1G:     1048576 kB
