MemTotal:        8047000 kB
MemFree:         2640008 kB
MemAvailable:    5081072 kB
Buffers:          210220 kB
Cached:          2524988 kB
SwapCached:            0 kB
Active:          3337176 kB
Inactive:        1594940 kB
Active(anon):    2211312 kB
Inactive(anon):   142764 kB
Active(file):    1125864 kB
Inactive(file):  1452176 kB
Unevictable:        8792 kB
Mlocked:              48 kB
SwapTotal:       1003516 kB
SwapFree:        1003516 kB
Dirty:               400 kB
Writeback:             0 kB
AnonPages:       2205796 kB
Mapped:           598408 kB
Shmem:            157620 kB
KReclaimable:     172892 kB
Slab:             328496 kB
SReclaimable:     172892 kB
SUnreclaim:       155604 kB
KernelStack:       14304 kB
PageTables:        28324 kB
NFS_Unstable:          0 kB
Bounce:                0 kB
WritebackTmp:          0 kB
CommitLimit:     5027016 kB
Committed_AS:    7779036 kB
VmallocTotal:   34359738367 kB
VmallocUsed:           0 kB
VmallocChunk:          0 kB
Percpu:             4896 kB
HardwareCorrupted:     0 kB
AnonHugePages:         0 kB
ShmemHugePages:        0 kB
ShmemPmdMapped:        0 kB
CmaTotal:              0 kB
CmaFree:               0 kB
HugePages_Total:       0
HugePages_Free:        0
HugePages_Rsvd:        0
HugePages_Surp:        0
Hugepagesize:       2048 kB
Hugetlb:               0 kB
DirectMap4k:      292060 kB
DirectMap2M:     6930432 kB
DirectMap1G:     1048576 kB
