MemTotal:        8047000 kB
MemFree:          431136 kB
MemAvailable:    3721756 kB
Buffers:          237460 kB
Cached:          3392452 kB
SwapCached:        14224 kB
Active:          4621112 kB
Inactive:        2450800 kB
Active(anon):    2815720 kB
Inactive(anon):   856096 kB
Active(file):    1805392 kB
Inactive(file):  1594704 kB
Unevictable:        8676 kB
Mlocked:              60 kB
SwapTotal:       1003516 kB
SwapFree:         475340 kB
Dirty:               464 kB
Writeback:             0 kB
AnonPages:       3438056 kB
Mapped:           890116 kB
Shmem:            231220 kB
KReclaimable:     200392 kB
Slab:             375952 kB
SReclaimable:     200392 kB
SUnreclaim:       175560 kB
KernelStack:       17536 kB
PageTables:        40536 kB
NFS_Unstable:          0 kB
Bounce:                0 kB
WritebackTmp:          0 kB
CommitLimit:     5027016 kB
Committed_AS:   12700472 kB
VmallocTotal:   34359738367 kB
VmallocUsed:           0 kB
VmallocChunk:          0 kB
Percpu:             5568 kB
HardwareCorrupted:     0 kB
AnonHugePages:         0 kB
ShmemHugePages:        0 kB
ShmemPmdMapped:        0 kB
CmaTotal:              0 kB
CmaFree:               0 kB
HugePages_Total:       0
HugePages_Free:        0
HugePages_Rsvd:        0
HugePages_Surp:        0
Hugepagesize:       2048 kB
Hugetlb:               0 kB
DirectMap4k:      365788 kB
DirectMap2M:     6856704 kB
DirectMap1G:     1048576 kB
