MemTotal:        8047000 kB
MemFree:          293760 kB
MemAvailable:    3691216 kB
Buffers:          238444 kB
Cached:          3497372 kB
SwapCached:        14248 kB
Active:          4661708 kB
Inactive:        2547456 kB
Active(anon):    2847112 kB
Inactive(anon):   857204 kB
Active(file):    1814596 kB
Inactive(file):  1690252 kB
Unevictable:        8676 kB
Mlocked:              60 kB
SwapTotal:       1003516 kB
SwapFree:         478156 kB
Dirty:               440 kB
Writeback:            24 kB
AnonPages:       3469240 kB
Mapped:           891728 kB
Shmem:            232380 kB
KReclaimable:     202476 kB
Slab:             378440 kB
SReclaimable:     202476 kB
SUnreclaim:       175964 kB
KernelStack:       17648 kB
PageTables:        40692 kB
NFS_Unstable:          0 kB
Bounce:                0 kB
WritebackTmp:          0 kB
CommitLimit:     5027016 kB
Committed_AS:   12720396 kB
VmallocTotal:   34359738367 kB
VmallocUsed:           0 kB
VmallocChunk:          0 kB
Percpu:             5568 kB
HardwareCorrupted:     0 kB
AnonHugePages:         0 kB
ShmemHugePages:        0 kB
ShmemPmdMapped:        0 kB
CmaTotal:              0 kB
CmaFree:               0 kB
HugePages_Total:       0
HugePages_Free:        0
HugePages_Rsvd:        0
HugePages_Surp:        0
Hugepagesize:       2048 kB
Hugetlb:               0 kB
DirectMap4k:      365788 kB
DirectMap2M:     6856704 kB
DirectMap1G:     1048576 kB
